Archive member included to satisfy reference by file (symbol)

/home/clam/micro_ros_ws/src/temp/libmicroros/libmicroros.a(librcl-publisher.c.obj)
                              CMakeFiles/temp.dir/microtemp.c.obj (rcl_publish)
/home/clam/micro_ros_ws/src/temp/libmicroros/libmicroros.a(librclc-executor.c.obj)
                              CMakeFiles/temp.dir/microtemp.c.obj (rclc_executor_get_zero_initialized_executor)
/home/clam/micro_ros_ws/src/temp/libmicroros/libmicroros.a(librclc-executor_handle.c.obj)
                              /home/clam/micro_ros_ws/src/temp/libmicroros/libmicroros.a(librclc-executor.c.obj) (rclc_executor_handle_counters_zero_init)
/home/clam/micro_ros_ws/src/temp/libmicroros/libmicroros.a(librclc-init.c.obj)
                              CMakeFiles/temp.dir/microtemp.c.obj (rclc_support_init)
/home/clam/micro_ros_ws/src/temp/libmicroros/libmicroros.a(librclc-node.c.obj)
                              CMakeFiles/temp.dir/microtemp.c.obj (rclc_node_init_default)
/home/clam/micro_ros_ws/src/temp/libmicroros/libmicroros.a(librclc-publisher.c.obj)
                              CMakeFiles/temp.dir/microtemp.c.obj (rclc_publisher_init_default)
/home/clam/micro_ros_ws/src/temp/libmicroros/libmicroros.a(librclc-sleep.c.obj)
                              /home/clam/micro_ros_ws/src/temp/libmicroros/libmicroros.a(librclc-executor.c.obj) (rclc_sleep_ms)
/home/clam/micro_ros_ws/src/temp/libmicroros/libmicroros.a(librclc-timer.c.obj)
                              CMakeFiles/temp.dir/microtemp.c.obj (rclc_timer_init_default)
/home/clam/micro_ros_ws/src/temp/libmicroros/libmicroros.a(librcutils-allocator.c.obj)
                              CMakeFiles/temp.dir/microtemp.c.obj (rcutils_get_default_allocator)
/home/clam/micro_ros_ws/src/temp/libmicroros/libmicroros.a(librcutils-error_handling.c.obj)
                              /home/clam/micro_ros_ws/src/temp/libmicroros/libmicroros.a(librclc-executor.c.obj) (rcutils_reset_error)
/home/clam/micro_ros_ws/src/temp/libmicroros/libmicroros.a(librcutils-time_unix.c.obj)
                              /home/clam/micro_ros_ws/src/temp/libmicroros/libmicroros.a(librclc-executor.c.obj) (rcutils_system_time_now)
/home/clam/micro_ros_ws/src/temp/libmicroros/libmicroros.a(librmw-publisher_options.c.obj)
                              /home/clam/micro_ros_ws/src/temp/libmicroros/libmicroros.a(librcl-publisher.c.obj) (rmw_get_default_publisher_options)
/home/clam/micro_ros_ws/src/temp/libmicroros/libmicroros.a(librmw_microxrcedds-custom_transport.c.obj)
                              CMakeFiles/temp.dir/microtemp.c.obj (rmw_uros_set_custom_transport)
/home/clam/micro_ros_ws/src/temp/libmicroros/libmicroros.a(librmw_microxrcedds-ping.c.obj)
                              CMakeFiles/temp.dir/microtemp.c.obj (rmw_uros_ping_agent)
/home/clam/micro_ros_ws/src/temp/libmicroros/libmicroros.a(librmw_microxrcedds-rmw_publish.c.obj)
                              /home/clam/micro_ros_ws/src/temp/libmicroros/libmicroros.a(librcl-publisher.c.obj) (rmw_publish)
/home/clam/micro_ros_ws/src/temp/libmicroros/libmicroros.a(librmw_microxrcedds-rmw_publisher.c.obj)
                              /home/clam/micro_ros_ws/src/temp/libmicroros/libmicroros.a(librcl-publisher.c.obj) (rmw_create_publisher)
/home/clam/micro_ros_ws/src/temp/libmicroros/libmicroros.a(librmw_microxrcedds-rmw_uxrce_transports.c.obj)
                              /home/clam/micro_ros_ws/src/temp/libmicroros/libmicroros.a(librmw_microxrcedds-ping.c.obj) (rmw_uxrce_transport_init)
/home/clam/micro_ros_ws/src/temp/libmicroros/libmicroros.a(librmw_microxrcedds-types.c.obj)
                              /home/clam/micro_ros_ws/src/temp/libmicroros/libmicroros.a(librmw_microxrcedds-rmw_publisher.c.obj) (rmw_uxrce_fini_publisher_memory)
/home/clam/micro_ros_ws/src/temp/libmicroros/libmicroros.a(librmw_microxrcedds-utils.c.obj)
                              /home/clam/micro_ros_ws/src/temp/libmicroros/libmicroros.a(librmw_microxrcedds-rmw_publisher.c.obj) (run_xrce_session)
/home/clam/micro_ros_ws/src/temp/libmicroros/libmicroros.a(librosidl_runtime_c-message_type_support.c.obj)
                              /home/clam/micro_ros_ws/src/temp/libmicroros/libmicroros.a(librmw_microxrcedds-rmw_publisher.c.obj) (get_message_typesupport_handle)
/home/clam/micro_ros_ws/src/temp/libmicroros/libmicroros.a(libstd_msgs__rosidl_typesupport_c-string__type_support.cpp.obj)
                              CMakeFiles/temp.dir/microtemp.c.obj (rosidl_typesupport_c__get_message_type_support_handle__std_msgs__msg__String)
/home/clam/micro_ros_ws/src/temp/libmicroros/libmicroros.a(libstd_msgs__rosidl_typesupport_introspection_c-string__type_support.c.obj)
                              /home/clam/micro_ros_ws/src/temp/libmicroros/libmicroros.a(libstd_msgs__rosidl_typesupport_c-string__type_support.cpp.obj) (rosidl_typesupport_introspection_c__get_message_type_support_handle__std_msgs__msg__String)
[...]
Memory Configuration

Name             Origin             Length             Attributes
FLASH            0x0000000010000000 0x0000000000200000 xr
RAM              0x0000000020000000 0x0000000000040000 xrw
SCRATCH_X        0x0000000020040000 0x0000000000001000 xrw
SCRATCH_Y        0x0000000020041000 0x0000000000001000 xrw
*default*        0x0000000000000000 0xffffffffffffffff

Linker script and memory map

LOAD /usr/lib/gcc/arm-none-eabi/9.2.1/thumb/v6-m/nofp/crti.o
LOAD /usr/lib/gcc/arm-none-eabi/9.2.1/thumb/v6-m/nofp/crtbegin.o
LOAD /usr/lib/gcc/arm-none-eabi/9.2.1/../../../arm-none-eabi/lib/thumb/v6-m/nofp/crt0.o

.flash_begin    0x0000000010000000        0x0
                0x0000000010000000                __flash_binary_start = .

.boot2          0x0000000010000000      0x100
                0x0000000010000000                __boot2_start__ = .
 *(.boot2)
 .boot2         0x0000000010000000      0x100 /tmp/ccC6YB96.o
                0x0000000010000100                __boot2_end__ = .
                0x0000000000000001                ASSERT (((__boot2_end__ - __boot2_start__) == 0x100), ERROR: Pico second stage bootloader must be 256 bytes in size)

.text           0x0000000010000100    0x17250
                0x0000000010000100                __logical_binary_start = .
 *(.vectors)
 .vectors       0x0000000010000100       0xd4 CMakeFiles/temp.dir/home/clam/micro_ros_ws/src/pico-sdk/src/rp2_common/pico_standard_link/crt0.S.obj
                0x0000000010000100                __vectors
                0x0000000010000100                __VECTOR_TABLE
                0x00000000100001c0                isr_invalid
                0x00000000100001c0                __default_isrs_start
                0x00000000100001c2                isr_nmi
                0x00000000100001c4                isr_hardfault
                0x00000000100001c6                isr_svcall
                0x00000000100001c8                isr_pendsv
                0x00000000100001ca                isr_systick
                0x00000000100001cc                isr_irq30
                0x00000000100001cc                __unhandled_user_irq
                0x00000000100001cc                isr_irq13
                0x00000000100001cc                isr_irq27
                0x00000000100001cc                isr_irq31
                0x00000000100001cc                isr_irq5
                0x00000000100001cc                isr_irq11
                0x00000000100001cc                isr_irq23
                0x00000000100001cc                isr_irq18
                0x00000000100001cc                isr_irq28
                0x00000000100001cc                isr_irq19
                0x00000000100001cc                isr_irq0
                0x00000000100001cc                isr_irq6
                0x00000000100001cc                isr_irq22
                0x00000000100001cc                isr_irq17
                0x00000000100001cc                isr_irq14
                0x00000000100001cc                isr_irq2
                0x00000000100001cc                isr_irq10
                0x00000000100001cc                isr_irq8
                0x00000000100001cc                isr_irq24
                0x00000000100001cc                isr_irq1
                0x00000000100001cc                isr_irq7
                0x00000000100001cc                isr_irq21
                0x00000000100001cc                isr_irq20
                0x00000000100001cc                isr_irq15
                0x00000000100001cc                isr_irq25
                0x00000000100001cc                isr_irq4
                0x00000000100001cc                isr_irq16
                0x00000000100001cc                isr_irq29
                0x00000000100001cc                isr_irq26
                0x00000000100001cc                __default_isrs_end
                0x00000000100001cc                isr_irq3
                0x00000000100001cc                isr_irq12
                0x00000000100001cc                isr_irq9
                0x00000000100001d2                unhandled_user_irq_num_in_r0
 *(.binary_info_header)
 .binary_info_header
                0x00000000100001d4       0x14 CMakeFiles/temp.dir/home/clam/micro_ros_ws/src/pico-sdk/src/rp2_common/pico_standard_link/crt0.S.obj
                0x00000000100001e8                __binary_info_header_end = .
 *(.reset)
 .reset         0x00000000100001e8       0xa8 CMakeFiles/temp.dir/home/clam/micro_ros_ws/src/pico-sdk/src/rp2_common/pico_standard_link/crt0.S.obj
                0x00000000100001e8                _entry_point
                0x0000000010000266                __get_current_exception
 .reset         0x0000000010000290       0x30 CMakeFiles/temp.dir/home/clam/micro_ros_ws/src/pico-sdk/src/rp2_common/pico_standard_link/binary_info.c.obj
 *(.init)
 .init          0x00000000100002c0        0x4 /usr/lib/gcc/arm-none-eabi/9.2.1/thumb/v6-m/nofp/crti.o
                0x00000000100002c0                _init
 *(EXCLUDE_FILE(*libm.a: *libc.a:*lib_a-mem*.o *libgcc.a:) .text*)
 .text          0x00000000100002c4       0x98 /usr/lib/gcc/arm-none-eabi/9.2.1/thumb/v6-m/nofp/crtbegin.o
 .text.timer_callback
                0x000000001000035c       0x44 CMakeFiles/temp.dir/microtemp.c.obj
                0x000000001000035c                timer_callback
 .text.main     0x00000000100003a0      0x330 CMakeFiles/temp.dir/microtemp.c.obj
                0x00000000100003a0                main
 .text.clock_gettime
                0x00000000100006d0       0x3c CMakeFiles/temp.dir/pico_uart_transport.c.obj
                0x00000000100006d0                clock_gettime
 .text.pico_serial_transport_open
                0x000000001000070c        0xa CMakeFiles/temp.dir/pico_uart_transport.c.obj
                0x000000001000070c                pico_serial_transport_open
 .text.pico_serial_transport_close
                0x0000000010000716        0x4 CMakeFiles/temp.dir/pico_uart_transport.c.obj
                0x0000000010000716                pico_serial_transport_close
 .text.pico_serial_transport_write
                0x000000001000071a       0x2e CMakeFiles/temp.dir/pico_uart_transport.c.obj
                0x000000001000071a                pico_serial_transport_write
 .text.pico_serial_transport_read
                0x0000000010000748       0x82 CMakeFiles/temp.dir/pico_uart_transport.c.obj
                0x0000000010000748                pico_serial_transport_read
 *fill*         0x00000000100007ca        0x2 
 .text.initDegree
                0x00000000100007cc       0x6c CMakeFiles/temp.dir/servo.c.obj
                0x00000000100007cc                initDegree
 .text.initServo
                0x0000000010000838       0x8c CMakeFiles/temp.dir/servo.c.obj
                0x0000000010000838                initServo
 .text.gpio_set_function
                0x00000000100008c4       0x30 CMakeFiles/temp.dir/home/clam/micro_ros_ws/src/pico-sdk/src/rp2_common/hardware_gpio/gpio.c.obj
                0x00000000100008c4                gpio_set_function
 .text.gpio_set_pulls
                0x00000000100008f4       0x34 CMakeFiles/temp.dir/home/clam/micro_ros_ws/src/pico-sdk/src/rp2_common/hardware_gpio/gpio.c.obj
                0x00000000100008f4                gpio_set_pulls
 .text.gpio_set_input_enabled
                0x0000000010000928       0x30 CMakeFiles/temp.dir/home/clam/micro_ros_ws/src/pico-sdk/src/rp2_common/hardware_gpio/gpio.c.obj
                0x0000000010000928                gpio_set_input_enabled
 .text.gpio_init
                0x0000000010000958       0x16 CMakeFiles/temp.dir/home/clam/micro_ros_ws/src/pico-sdk/src/rp2_common/hardware_gpio/gpio.c.obj
                0x0000000010000958                gpio_init
 *fill*         0x000000001000096e        0x2 
 .text.hw_claim_lock
                0x0000000010000970       0x18 CMakeFiles/temp.dir/home/clam/micro_ros_ws/src/pico-sdk/src/rp2_common/hardware_claim/claim.c.obj
                0x0000000010000970                hw_claim_lock
 .text.hw_claim_unlock
                0x0000000010000988       0x14 CMakeFiles/temp.dir/home/clam/micro_ros_ws/src/pico-sdk/src/rp2_common/hardware_claim/claim.c.obj
                0x0000000010000988                hw_claim_unlock
 .text.hw_claim_or_assert
                0x000000001000099c       0x32 CMakeFiles/temp.dir/home/clam/micro_ros_ws/src/pico-sdk/src/rp2_common/hardware_claim/claim.c.obj
                0x000000001000099c                hw_claim_or_assert
 .text.hw_claim_unused_from_range
                0x00000000100009ce       0x50 CMakeFiles/temp.dir/home/clam/micro_ros_ws/src/pico-sdk/src/rp2_common/hardware_claim/claim.c.obj
                0x00000000100009ce                hw_claim_unused_from_range
 *fill*         0x0000000010000a1e        0x2 
 .text.running_on_fpga
                0x0000000010000a20       0x14 CMakeFiles/temp.dir/home/clam/micro_ros_ws/src/pico-sdk/src/rp2_common/pico_platform/platform.c.obj
                0x0000000010000a20                running_on_fpga
 .text.spin_locks_reset
                0x0000000010000a34       0x20 CMakeFiles/temp.dir/home/clam/micro_ros_ws/src/pico-sdk/src/rp2_common/hardware_sync/sync.c.obj
                0x0000000010000a34                spin_locks_reset
 .text.next_striped_spin_lock_num
                0x0000000010000a54       0x1c CMakeFiles/temp.dir/home/clam/micro_ros_ws/src/pico-sdk/src/rp2_common/hardware_sync/sync.c.obj
                0x0000000010000a54                next_striped_spin_lock_num
 .text.spin_lock_claim_unused
                0x0000000010000a70       0x20 CMakeFiles/temp.dir/home/clam/micro_ros_ws/src/pico-sdk/src/rp2_common/hardware_sync/sync.c.obj
                0x0000000010000a70                spin_lock_claim_unused
 .text.set_raw_irq_handler_and_unlock
                0x0000000010000a90       0x28 CMakeFiles/temp.dir/home/clam/micro_ros_ws/src/pico-sdk/src/rp2_common/hardware_irq/irq.c.obj
 .text.make_branch
                0x0000000010000ab8       0x48 CMakeFiles/temp.dir/home/clam/micro_ros_ws/src/pico-sdk/src/rp2_common/hardware_irq/irq.c.obj
 .text.insert_branch_and_link
                0x0000000010000b00       0x40 CMakeFiles/temp.dir/home/clam/micro_ros_ws/src/pico-sdk/src/rp2_common/hardware_irq/irq.c.obj
 .text.irq_is_enabled
                0x0000000010000b40       0x18 CMakeFiles/temp.dir/home/clam/micro_ros_ws/src/pico-sdk/src/rp2_common/hardware_irq/irq.c.obj
                0x0000000010000b40                irq_is_enabled
 .text.irq_set_mask_enabled
                0x0000000010000b58       0x20 CMakeFiles/temp.dir/home/clam/micro_ros_ws/src/pico-sdk/src/rp2_common/hardware_irq/irq.c.obj
                0x0000000010000b58                irq_set_mask_enabled
 .text.irq_set_enabled
                0x0000000010000b78        0xe CMakeFiles/temp.dir/home/clam/micro_ros_ws/src/pico-sdk/src/rp2_common/hardware_irq/irq.c.obj
                0x0000000010000b78                irq_set_enabled
 *fill*         0x0000000010000b86        0x2 
 .text.irq_set_pending
                0x0000000010000b88       0x10 CMakeFiles/temp.dir/home/clam/micro_ros_ws/src/pico-sdk/src/rp2_common/hardware_irq/irq.c.obj
                0x0000000010000b88                irq_set_pending
 .text.irq_get_vtable_handler
                0x0000000010000b98       0x10 CMakeFiles/temp.dir/home/clam/micro_ros_ws/src/pico-sdk/src/rp2_common/hardware_irq/irq.c.obj
                0x0000000010000b98                irq_get_vtable_handler
 .text.irq_has_shared_handler
                0x0000000010000ba8       0x24 CMakeFiles/temp.dir/home/clam/micro_ros_ws/src/pico-sdk/src/rp2_common/hardware_irq/irq.c.obj
                0x0000000010000ba8                irq_has_shared_handler
 .text.irq_set_exclusive_handler
                0x0000000010000bcc       0x54 CMakeFiles/temp.dir/home/clam/micro_ros_ws/src/pico-sdk/src/rp2_common/hardware_irq/irq.c.obj
                0x0000000010000bcc                irq_set_exclusive_handler
 .text.irq_add_shared_handler
                0x0000000010000c20      0x230 CMakeFiles/temp.dir/home/clam/micro_ros_ws/src/pico-sdk/src/rp2_common/hardware_irq/irq.c.obj
                0x0000000010000c20                irq_add_shared_handler
 .text.irq_remove_handler
                0x0000000010000e50      0x1a8 CMakeFiles/temp.dir/home/clam/micro_ros_ws/src/pico-sdk/src/rp2_common/hardware_irq/irq.c.obj
                0x0000000010000e50                irq_remove_handler
 .text.irq_add_tail_to_free_list
                0x0000000010000ff8       0xf0 CMakeFiles/temp.dir/home/clam/micro_ros_ws/src/pico-sdk/src/rp2_common/hardware_irq/irq.c.obj
                0x0000000010000ff8                irq_add_tail_to_free_list
 .text.irq_init_priorities
                0x00000000100010e8       0x1c CMakeFiles/temp.dir/home/clam/micro_ros_ws/src/pico-sdk/src/rp2_common/hardware_irq/irq.c.obj
                0x00000000100010e8                irq_init_priorities
 .text.user_irq_claim_unused
                0x0000000010001104       0x30 CMakeFiles/temp.dir/home/clam/micro_ros_ws/src/pico-sdk/src/rp2_common/hardware_irq/irq.c.obj
                0x0000000010001104                user_irq_claim_unused
 .text.lock_init
                0x0000000010001134       0x10 CMakeFiles/temp.dir/home/clam/micro_ros_ws/src/pico-sdk/src/common/pico_sync/lock_core.c.obj
                0x0000000010001134                lock_init
 .text.alarm_pool_post_alloc_init
                0x0000000010001144       0x40 CMakeFiles/temp.dir/home/clam/micro_ros_ws/src/pico-sdk/src/common/pico_time/time.c.obj
 .text.sleep_until_callback
                0x0000000010001184       0x30 CMakeFiles/temp.dir/home/clam/micro_ros_ws/src/pico-sdk/src/common/pico_time/time.c.obj
 .text.timer_pool_entry_comparator
                0x00000000100011b4       0x7c CMakeFiles/temp.dir/home/clam/micro_ros_ws/src/pico-sdk/src/common/pico_time/time.c.obj
                0x00000000100011b4                timer_pool_entry_comparator
 .text.ph_add_child_node
                0x0000000010001230       0xa4 CMakeFiles/temp.dir/home/clam/micro_ros_ws/src/pico-sdk/src/common/pico_time/time.c.obj
 .text.ph_merge_nodes
                0x00000000100012d4       0x3e CMakeFiles/temp.dir/home/clam/micro_ros_ws/src/pico-sdk/src/common/pico_time/time.c.obj
 *fill*         0x0000000010001312        0x2 
 .text.add_alarm_under_lock
                0x0000000010001314      0x174 CMakeFiles/temp.dir/home/clam/micro_ros_ws/src/pico-sdk/src/common/pico_time/time.c.obj
 .text.alarm_pool_alarm_callback
                0x0000000010001488      0x32c CMakeFiles/temp.dir/home/clam/micro_ros_ws/src/pico-sdk/src/common/pico_time/time.c.obj
 .text.alarm_pool_init_default
                0x00000000100017b4       0x38 CMakeFiles/temp.dir/home/clam/micro_ros_ws/src/pico-sdk/src/common/pico_time/time.c.obj
                0x00000000100017b4                alarm_pool_init_default
 .text.alarm_pool_get_default
                0x00000000100017ec       0x2c CMakeFiles/temp.dir/home/clam/micro_ros_ws/src/pico-sdk/src/common/pico_time/time.c.obj
                0x00000000100017ec                alarm_pool_get_default
 .text.alarm_pool_add_alarm_at
                0x0000000010001818      0x170 CMakeFiles/temp.dir/home/clam/micro_ros_ws/src/pico-sdk/src/common/pico_time/time.c.obj
                0x0000000010001818                alarm_pool_add_alarm_at
 .text.alarm_pool_cancel_alarm
                0x0000000010001988       0xf0 CMakeFiles/temp.dir/home/clam/micro_ros_ws/src/pico-sdk/src/common/pico_time/time.c.obj
                0x0000000010001988                alarm_pool_cancel_alarm
 .text.sleep_until
                0x0000000010001a78       0xfc CMakeFiles/temp.dir/home/clam/micro_ros_ws/src/pico-sdk/src/common/pico_time/time.c.obj
                0x0000000010001a78                sleep_until
 .text.sleep_us
                0x0000000010001b74       0x58 CMakeFiles/temp.dir/home/clam/micro_ros_ws/src/pico-sdk/src/common/pico_time/time.c.obj
                0x0000000010001b74                sleep_us
 .text.sleep_ms
                0x0000000010001bcc       0x14 CMakeFiles/temp.dir/home/clam/micro_ros_ws/src/pico-sdk/src/common/pico_time/time.c.obj
                0x0000000010001bcc                sleep_ms
 .text.best_effort_wfe_or_timeout
                0x0000000010001be0       0x80 CMakeFiles/temp.dir/home/clam/micro_ros_ws/src/pico-sdk/src/common/pico_time/time.c.obj
                0x0000000010001be0                best_effort_wfe_or_timeout
 .text.hardware_alarm_irq_handler
                0x0000000010001c60       0x8c CMakeFiles/temp.dir/home/clam/micro_ros_ws/src/pico-sdk/src/rp2_common/hardware_timer/timer.c.obj
 .text.hardware_alarm_claim
                0x0000000010001cec       0x18 CMakeFiles/temp.dir/home/clam/micro_ros_ws/src/pico-sdk/src/rp2_common/hardware_timer/timer.c.obj
                0x0000000010001cec                hardware_alarm_claim
 .text.time_us_64
                0x0000000010001d04       0x18 CMakeFiles/temp.dir/home/clam/micro_ros_ws/src/pico-sdk/src/rp2_common/hardware_timer/timer.c.obj
                0x0000000010001d04                time_us_64
 .text.busy_wait_until
                0x0000000010001d1c       0x24 CMakeFiles/temp.dir/home/clam/micro_ros_ws/src/pico-sdk/src/rp2_common/hardware_timer/timer.c.obj
                0x0000000010001d1c                busy_wait_until
 .text.busy_wait_us
                0x0000000010001d40       0x48 CMakeFiles/temp.dir/home/clam/micro_ros_ws/src/pico-sdk/src/rp2_common/hardware_timer/timer.c.obj
                0x0000000010001d40                busy_wait_us
 .text.hardware_alarm_set_callback
                0x0000000010001d88       0x90 CMakeFiles/temp.dir/home/clam/micro_ros_ws/src/pico-sdk/src/rp2_common/hardware_timer/timer.c.obj
                0x0000000010001d88                hardware_alarm_set_callback
 .text.hardware_alarm_set_target
                0x0000000010001e18       0xe8 CMakeFiles/temp.dir/home/clam/micro_ros_ws/src/pico-sdk/src/rp2_common/hardware_timer/timer.c.obj
                0x0000000010001e18                hardware_alarm_set_target
 .text.hardware_alarm_cancel
                0x0000000010001f00       0x40 CMakeFiles/temp.dir/home/clam/micro_ros_ws/src/pico-sdk/src/rp2_common/hardware_timer/timer.c.obj
                0x0000000010001f00                hardware_alarm_cancel
 .text.ph_add_child_node
                0x0000000010001f40       0xa4 CMakeFiles/temp.dir/home/clam/micro_ros_ws/src/pico-sdk/src/common/pico_util/pheap.c.obj
 .text.ph_merge_nodes
                0x0000000010001fe4       0x3e CMakeFiles/temp.dir/home/clam/micro_ros_ws/src/pico-sdk/src/common/pico_util/pheap.c.obj
 *fill*         0x0000000010002022        0x2 
 .text.ph_clear
                0x0000000010002024       0x70 CMakeFiles/temp.dir/home/clam/micro_ros_ws/src/pico-sdk/src/common/pico_util/pheap.c.obj
                0x0000000010002024                ph_clear
 .text.ph_post_alloc_init
                0x0000000010002094        0xe CMakeFiles/temp.dir/home/clam/micro_ros_ws/src/pico-sdk/src/common/pico_util/pheap.c.obj
                0x0000000010002094                ph_post_alloc_init
 *fill*         0x00000000100020a2        0x2 
 .text.ph_merge_two_pass
                0x00000000100020a4       0xa8 CMakeFiles/temp.dir/home/clam/micro_ros_ws/src/pico-sdk/src/common/pico_util/pheap.c.obj
                0x00000000100020a4                ph_merge_two_pass
 .text.ph_remove_any_head
                0x000000001000214c      0x108 CMakeFiles/temp.dir/home/clam/micro_ros_ws/src/pico-sdk/src/common/pico_util/pheap.c.obj
 .text.ph_remove_head
                0x0000000010002254       0x14 CMakeFiles/temp.dir/home/clam/micro_ros_ws/src/pico-sdk/src/common/pico_util/pheap.c.obj
                0x0000000010002254                ph_remove_head
 .text.ph_remove_and_free_node
                0x0000000010002268       0xf8 CMakeFiles/temp.dir/home/clam/micro_ros_ws/src/pico-sdk/src/common/pico_util/pheap.c.obj
                0x0000000010002268                ph_remove_and_free_node
 .text.mutex_init
                0x0000000010002360       0x1a CMakeFiles/temp.dir/home/clam/micro_ros_ws/src/pico-sdk/src/common/pico_sync/mutex.c.obj
                0x0000000010002360                mutex_init
 .text.recursive_mutex_init
                0x000000001000237a       0x1e CMakeFiles/temp.dir/home/clam/micro_ros_ws/src/pico-sdk/src/common/pico_sync/mutex.c.obj
                0x000000001000237a                recursive_mutex_init
 .text.critical_section_init_with_lock_num
                0x0000000010002398       0x14 CMakeFiles/temp.dir/home/clam/micro_ros_ws/src/pico-sdk/src/common/pico_sync/critical_section.c.obj
                0x0000000010002398                critical_section_init_with_lock_num
 .text.critical_section_init
                0x00000000100023ac       0x14 CMakeFiles/temp.dir/home/clam/micro_ros_ws/src/pico-sdk/src/common/pico_sync/critical_section.c.obj
                0x00000000100023ac                critical_section_init
 .text._exit    0x00000000100023c0        0x4 CMakeFiles/temp.dir/home/clam/micro_ros_ws/src/pico-sdk/src/rp2_common/pico_runtime/runtime.c.obj
                0x00000000100023c0                _exit
 .text._sbrk    0x00000000100023c4       0x38 CMakeFiles/temp.dir/home/clam/micro_ros_ws/src/pico-sdk/src/rp2_common/pico_runtime/runtime.c.obj
                0x00000000100023c4                _sbrk
 .text.exit     0x00000000100023fc        0x6 CMakeFiles/temp.dir/home/clam/micro_ros_ws/src/pico-sdk/src/rp2_common/pico_runtime/runtime.c.obj
                0x00000000100023fc                exit
 *fill*         0x0000000010002402        0x2 
 .text.__assert_func
                0x0000000010002404       0x3c CMakeFiles/temp.dir/home/clam/micro_ros_ws/src/pico-sdk/src/rp2_common/pico_runtime/runtime.c.obj
                0x0000000010002404                __assert_func
 .text.runtime_init
                0x0000000010002440       0xf8 CMakeFiles/temp.dir/home/clam/micro_ros_ws/src/pico-sdk/src/rp2_common/pico_runtime/runtime.c.obj
                0x0000000010002440                runtime_init
 .text.panic    0x0000000010002538       0x30 CMakeFiles/temp.dir/home/clam/micro_ros_ws/src/pico-sdk/src/rp2_common/pico_runtime/runtime.c.obj
                0x0000000010002538                panic
 .text.clock_configure
                0x0000000010002568      0x104 CMakeFiles/temp.dir/home/clam/micro_ros_ws/src/pico-sdk/src/rp2_common/hardware_clocks/clocks.c.obj
                0x0000000010002568                clock_configure
 .text.clocks_init
                0x000000001000266c      0x100 CMakeFiles/temp.dir/home/clam/micro_ros_ws/src/pico-sdk/src/rp2_common/hardware_clocks/clocks.c.obj
                0x000000001000266c                clocks_init
 .text.pll_init
                0x000000001000276c      0x140 CMakeFiles/temp.dir/home/clam/micro_ros_ws/src/pico-sdk/src/rp2_common/hardware_pll/pll.c.obj
                0x000000001000276c                pll_init
 .text.watchdog_start_tick
                0x00000000100028ac       0x10 CMakeFiles/temp.dir/home/clam/micro_ros_ws/src/pico-sdk/src/rp2_common/hardware_watchdog/watchdog.c.obj
                0x00000000100028ac                watchdog_start_tick
 .text.watchdog_update
                0x00000000100028bc       0x14 CMakeFiles/temp.dir/home/clam/micro_ros_ws/src/pico-sdk/src/rp2_common/hardware_watchdog/watchdog.c.obj
                0x00000000100028bc                watchdog_update
 .text._watchdog_enable
                0x00000000100028d0       0x78 CMakeFiles/temp.dir/home/clam/micro_ros_ws/src/pico-sdk/src/rp2_common/hardware_watchdog/watchdog.c.obj
                0x00000000100028d0                _watchdog_enable
 .text.watchdog_reboot
                0x0000000010002948       0x48 CMakeFiles/temp.dir/home/clam/micro_ros_ws/src/pico-sdk/src/rp2_common/hardware_watchdog/watchdog.c.obj
                0x0000000010002948                watchdog_reboot
 .text.xosc_init
                0x0000000010002990       0x28 CMakeFiles/temp.dir/home/clam/micro_ros_ws/src/pico-sdk/src/rp2_common/hardware_xosc/xosc.c.obj
                0x0000000010002990                xosc_init
 .text._out_buffer
                0x00000000100029b8        0x8 CMakeFiles/temp.dir/home/clam/micro_ros_ws/src/pico-sdk/src/rp2_common/pico_printf/printf.c.obj
 .text._out_null
                0x00000000100029c0        0x2 CMakeFiles/temp.dir/home/clam/micro_ros_ws/src/pico-sdk/src/rp2_common/pico_printf/printf.c.obj
 .text._out_fct
                0x00000000100029c2        0xe CMakeFiles/temp.dir/home/clam/micro_ros_ws/src/pico-sdk/src/rp2_common/pico_printf/printf.c.obj
 .text._atoi    0x00000000100029d0       0x24 CMakeFiles/temp.dir/home/clam/micro_ros_ws/src/pico-sdk/src/rp2_common/pico_printf/printf.c.obj
 .text._out_rev
                0x00000000100029f4       0xae CMakeFiles/temp.dir/home/clam/micro_ros_ws/src/pico-sdk/src/rp2_common/pico_printf/printf.c.obj
 .text._ntoa_format
                0x0000000010002aa2      0x110 CMakeFiles/temp.dir/home/clam/micro_ros_ws/src/pico-sdk/src/rp2_common/pico_printf/printf.c.obj
 .text._ntoa_long
                0x0000000010002bb2       0xbc CMakeFiles/temp.dir/home/clam/micro_ros_ws/src/pico-sdk/src/rp2_common/pico_printf/printf.c.obj
 .text._ntoa_long_long
                0x0000000010002c6e       0xe2 CMakeFiles/temp.dir/home/clam/micro_ros_ws/src/pico-sdk/src/rp2_common/pico_printf/printf.c.obj
 .text._etoa    0x0000000010002d50      0x40c CMakeFiles/temp.dir/home/clam/micro_ros_ws/src/pico-sdk/src/rp2_common/pico_printf/printf.c.obj
 .text._ftoa    0x000000001000315c      0x354 CMakeFiles/temp.dir/home/clam/micro_ros_ws/src/pico-sdk/src/rp2_common/pico_printf/printf.c.obj
 .text._vsnprintf
                0x00000000100034b0      0x628 CMakeFiles/temp.dir/home/clam/micro_ros_ws/src/pico-sdk/src/rp2_common/pico_printf/printf.c.obj
 .text.__wrap_sprintf
                0x0000000010003ad8       0x28 CMakeFiles/temp.dir/home/clam/micro_ros_ws/src/pico-sdk/src/rp2_common/pico_printf/printf.c.obj
                0x0000000010003ad8                __wrap_sprintf
 .text.__wrap_snprintf
                0x0000000010003b00       0x28 CMakeFiles/temp.dir/home/clam/micro_ros_ws/src/pico-sdk/src/rp2_common/pico_printf/printf.c.obj
                0x0000000010003b00                __wrap_snprintf
 .text.__wrap_vsnprintf
                0x0000000010003b28       0x1c CMakeFiles/temp.dir/home/clam/micro_ros_ws/src/pico-sdk/src/rp2_common/pico_printf/printf.c.obj
                0x0000000010003b28                __wrap_vsnprintf
 .text.vfctprintf
                0x0000000010003b44       0x20 CMakeFiles/temp.dir/home/clam/micro_ros_ws/src/pico-sdk/src/rp2_common/pico_printf/printf.c.obj
                0x0000000010003b44                vfctprintf
 .text          0x0000000010003b64       0x10 CMakeFiles/temp.dir/home/clam/micro_ros_ws/src/pico-sdk/src/rp2_common/pico_bit_ops/bit_ops_aeabi.S.obj
 .text.rom_func_lookup
                0x0000000010003b74       0x10 CMakeFiles/temp.dir/home/clam/micro_ros_ws/src/pico-sdk/src/rp2_common/pico_bootrom/bootrom.c.obj
                0x0000000010003b74                rom_func_lookup
 .text.rom_data_lookup
                0x0000000010003b84       0x10 CMakeFiles/temp.dir/home/clam/micro_ros_ws/src/pico-sdk/src/rp2_common/pico_bootrom/bootrom.c.obj
                0x0000000010003b84                rom_data_lookup
 .text.rom_funcs_lookup
                0x0000000010003b94       0x36 CMakeFiles/temp.dir/home/clam/micro_ros_ws/src/pico-sdk/src/rp2_common/pico_bootrom/bootrom.c.obj
                0x0000000010003b94                rom_funcs_lookup
 *fill*         0x0000000010003bca        0x2 
 .text.__wrap___aeabi_idiv
                0x0000000010003bcc       0x50 CMakeFiles/temp.dir/home/clam/micro_ros_ws/src/pico-sdk/src/rp2_common/pico_divider/divider.S.obj
                0x0000000010003bcc                __wrap___aeabi_idivmod
                0x0000000010003bcc                divmod_s32s32
                0x0000000010003bcc                div_s32s32
                0x0000000010003bcc                __wrap___aeabi_idiv
                0x0000000010003bd4                divmod_s32s32_unsafe
                0x0000000010003c00                divmod_s32s32_savestate
 .text.__wrap___aeabi_uidiv
                0x0000000010003c1c       0x4c CMakeFiles/temp.dir/home/clam/micro_ros_ws/src/pico-sdk/src/rp2_common/pico_divider/divider.S.obj
                0x0000000010003c1c                __wrap___aeabi_uidiv
                0x0000000010003c1c                __wrap___aeabi_uidivmod
                0x0000000010003c1c                div_u32u32
                0x0000000010003c1c                divmod_u32u32
                0x0000000010003c24                divmod_u32u32_unsafe
                0x0000000010003c4c                divmod_u32u32_savestate
 .text.__wrap___aeabi_ldiv
                0x0000000010003c68      0x434 CMakeFiles/temp.dir/home/clam/micro_ros_ws/src/pico-sdk/src/rp2_common/pico_divider/divider.S.obj
                0x0000000010003c68                div_s64s64
                0x0000000010003c68                divmod_s64s64
                0x0000000010003c68                __wrap___aeabi_ldivmod
                0x0000000010003ca0                div_u64u64
                0x0000000010003ca0                divmod_u64u64
                0x0000000010003ca0                __wrap___aeabi_uldivmod
                0x0000000010003cb0                divmod_u64u64_savestate
                0x0000000010003cd8                divmod_s64s64_unsafe
                0x0000000010003d60                divmod_u64u64_unsafe
 .text.__wrap___aeabi_darithmetic
                0x000000001000409c       0x80 CMakeFiles/temp.dir/home/clam/micro_ros_ws/src/pico-sdk/src/rp2_common/pico_double/double_aeabi.S.obj
                0x000000001000409c                __wrap___aeabi_drsub
                0x00000000100040a2                __wrap___aeabi_dsub
                0x00000000100040b4                __wrap___aeabi_dadd
                0x00000000100040c6                __wrap___aeabi_ddiv
                0x0000000010004102                __wrap___aeabi_dmul
 .text.__wrap___aeabi_cdcmple
                0x000000001000411c       0x6c CMakeFiles/temp.dir/home/clam/micro_ros_ws/src/pico-sdk/src/rp2_common/pico_double/double_aeabi.S.obj
                0x000000001000411c                __wrap___aeabi_cdrcmple
                0x000000001000412c                __wrap___aeabi_cdcmple
                0x000000001000412c                __wrap___aeabi_cdcmpeq
 .text.__wrap___aeabi_dcmplt
                0x0000000010004188        0xc CMakeFiles/temp.dir/home/clam/micro_ros_ws/src/pico-sdk/src/rp2_common/pico_double/double_aeabi.S.obj
                0x0000000010004188                __wrap___aeabi_dcmplt
 .text.__wrap___aeabi_dcmple
                0x0000000010004194       0x10 CMakeFiles/temp.dir/home/clam/micro_ros_ws/src/pico-sdk/src/rp2_common/pico_double/double_aeabi.S.obj
                0x0000000010004194                __wrap___aeabi_dcmple
 .text.__wrap___aeabi_dcmpge
                0x00000000100041a4       0x10 CMakeFiles/temp.dir/home/clam/micro_ros_ws/src/pico-sdk/src/rp2_common/pico_double/double_aeabi.S.obj
                0x00000000100041a4                __wrap___aeabi_dcmpge
 .text.__wrap___aeabi_dcmpgt
                0x00000000100041b4        0xa CMakeFiles/temp.dir/home/clam/micro_ros_ws/src/pico-sdk/src/rp2_common/pico_double/double_aeabi.S.obj
                0x00000000100041b4                __wrap___aeabi_dcmpgt
 .text.__wrap___aeabi_dcmpun
                0x00000000100041be       0x1c CMakeFiles/temp.dir/home/clam/micro_ros_ws/src/pico-sdk/src/rp2_common/pico_double/double_aeabi.S.obj
                0x00000000100041be                __wrap___aeabi_dcmpun
 *fill*         0x00000000100041da        0x2 
 .text.__wrap___aeabi_i2d
                0x00000000100041dc       0x38 CMakeFiles/temp.dir/home/clam/micro_ros_ws/src/pico-sdk/src/rp2_common/pico_double/double_aeabi.S.obj
                0x00000000100041dc                __wrap___aeabi_ui2d
                0x00000000100041e4                __wrap___aeabi_i2d
 .text.__wrap___aeabi_d2iz
                0x0000000010004214       0x48 CMakeFiles/temp.dir/home/clam/micro_ros_ws/src/pico-sdk/src/rp2_common/pico_double/double_aeabi.S.obj
                0x0000000010004214                __wrap___aeabi_d2iz
                0x0000000010004214                double2int_z
 .text.__wrap___aeabi_d2uiz
                0x000000001000425c       0x18 CMakeFiles/temp.dir/home/clam/micro_ros_ws/src/pico-sdk/src/rp2_common/pico_double/double_aeabi.S.obj
                0x000000001000425c                double2uint
                0x000000001000425c                __wrap___aeabi_d2uiz
 .text.__wrap___aeabi_d2f
                0x0000000010004274       0x18 CMakeFiles/temp.dir/home/clam/micro_ros_ws/src/pico-sdk/src/rp2_common/pico_double/double_aeabi.S.obj
                0x0000000010004274                __wrap___aeabi_d2f
 .text.__aeabi_double_init
                0x000000001000428c       0xc8 CMakeFiles/temp.dir/home/clam/micro_ros_ws/src/pico-sdk/src/rp2_common/pico_double/double_init_rom.c.obj
                0x000000001000428c                __aeabi_double_init
 .text.double_table_shim_on_use_helper
                0x0000000010004354       0x34 CMakeFiles/temp.dir/home/clam/micro_ros_ws/src/pico-sdk/src/rp2_common/pico_double/double_v1_rom_shim.S.obj
                0x0000000010004354                double_table_shim_on_use_helper
 .text.__wrap___aeabi_dsub
                0x0000000010004388       0x10 CMakeFiles/temp.dir/home/clam/micro_ros_ws/src/pico-sdk/src/rp2_common/pico_double/double_v1_rom_shim.S.obj
                0x0000000010004388                drsub_shim
                0x000000001000438e                dsub_shim
 .text.dadd_shim
                0x0000000010004398      0x15c CMakeFiles/temp.dir/home/clam/micro_ros_ws/src/pico-sdk/src/rp2_common/pico_double/double_v1_rom_shim.S.obj
                0x0000000010004398                dadd_shim
 .text.dmul_shim
                0x00000000100044f4      0x15c CMakeFiles/temp.dir/home/clam/micro_ros_ws/src/pico-sdk/src/rp2_common/pico_double/double_v1_rom_shim.S.obj
                0x00000000100044f4                dmul_shim
 .text.ddiv_shim
                0x0000000010004650      0x1b0 CMakeFiles/temp.dir/home/clam/micro_ros_ws/src/pico-sdk/src/rp2_common/pico_double/double_v1_rom_shim.S.obj
                0x0000000010004650                ddiv_shim
 .text.double2uint_shim
                0x0000000010004800        0xe CMakeFiles/temp.dir/home/clam/micro_ros_ws/src/pico-sdk/src/rp2_common/pico_double/double_v1_rom_shim.S.obj
                0x0000000010004800                double2uint_shim
                0x0000000010004802                double2ufix_shim
 *fill*         0x000000001000480e        0x2 
 .text.double2uint64_shim
                0x0000000010004810       0x70 CMakeFiles/temp.dir/home/clam/micro_ros_ws/src/pico-sdk/src/rp2_common/pico_double/double_v1_rom_shim.S.obj
                0x0000000010004810                double2uint64_shim
                0x0000000010004812                double2ufix64_shim
                0x0000000010004832                d2fix_a
 .text.double2float_shim
                0x0000000010004880       0x5c CMakeFiles/temp.dir/home/clam/micro_ros_ws/src/pico-sdk/src/rp2_common/pico_double/double_v1_rom_shim.S.obj
                0x0000000010004880                double2float_shim
 .text.dunpacks
                0x00000000100048dc       0x3c CMakeFiles/temp.dir/home/clam/micro_ros_ws/src/pico-sdk/src/rp2_common/pico_double/double_v1_rom_shim.S.obj
                0x00000000100048dc                dunpacks
 .text.__aeabi_lmul
                0x0000000010004918       0x32 CMakeFiles/temp.dir/home/clam/micro_ros_ws/src/pico-sdk/src/rp2_common/pico_int64_ops/pico_int64_ops_aeabi.S.obj
                0x0000000010004918                __wrap___aeabi_lmul
 *fill*         0x000000001000494a        0x2 
 .text.__wrap___aeabi_farithmetic
                0x000000001000494c       0x58 CMakeFiles/temp.dir/home/clam/micro_ros_ws/src/pico-sdk/src/rp2_common/pico_float/float_aeabi.S.obj
                0x000000001000494c                __wrap___aeabi_frsub
                0x0000000010004952                __wrap___aeabi_fsub
                0x000000001000495c                __wrap___aeabi_fadd
                0x0000000010004966                __wrap___aeabi_fdiv
                0x0000000010004992                __wrap___aeabi_fmul
 .text.__wrap___aeabi_ui2f
                0x00000000100049a4        0xa CMakeFiles/temp.dir/home/clam/micro_ros_ws/src/pico-sdk/src/rp2_common/pico_float/float_aeabi.S.obj
                0x00000000100049a4                __wrap___aeabi_ui2f
 *fill*         0x00000000100049ae        0x2 
 .text.__wrap___aeabi_i2f
                0x00000000100049b0       0x44 CMakeFiles/temp.dir/home/clam/micro_ros_ws/src/pico-sdk/src/rp2_common/pico_float/float_aeabi.S.obj
                0x00000000100049b0                __wrap___aeabi_i2f
 .text.__wrap___aeabi_f2iz
                0x00000000100049f4       0x4e CMakeFiles/temp.dir/home/clam/micro_ros_ws/src/pico-sdk/src/rp2_common/pico_float/float_aeabi.S.obj
                0x00000000100049f4                __wrap___aeabi_f2iz
                0x00000000100049f4                float2int_z
 *fill*         0x0000000010004a42        0x2 
 .text.float2int
                0x0000000010004a44       0x14 CMakeFiles/temp.dir/home/clam/micro_ros_ws/src/pico-sdk/src/rp2_common/pico_float/float_aeabi.S.obj
                0x0000000010004a44                float2int
 .text.__wrap___aeabi_f2uiz
                0x0000000010004a58       0x10 CMakeFiles/temp.dir/home/clam/micro_ros_ws/src/pico-sdk/src/rp2_common/pico_float/float_aeabi.S.obj
                0x0000000010004a58                __wrap___aeabi_f2uiz
 .text.__wrap___aeabi_f2d
                0x0000000010004a68       0x14 CMakeFiles/temp.dir/home/clam/micro_ros_ws/src/pico-sdk/src/rp2_common/pico_float/float_aeabi.S.obj
                0x0000000010004a68                __wrap___aeabi_f2d
 .text.__aeabi_float_init
                0x0000000010004a7c       0xfc CMakeFiles/temp.dir/home/clam/micro_ros_ws/src/pico-sdk/src/rp2_common/pico_float/float_init_rom.c.obj
                0x0000000010004a7c                __aeabi_float_init
 .text.float_table_shim_on_use_helper
                0x0000000010004b78       0x34 CMakeFiles/temp.dir/home/clam/micro_ros_ws/src/pico-sdk/src/rp2_common/pico_float/float_v1_rom_shim.S.obj
                0x0000000010004b78                float_table_shim_on_use_helper
 .text.float232_shims
                0x0000000010004bac       0x18 CMakeFiles/temp.dir/home/clam/micro_ros_ws/src/pico-sdk/src/rp2_common/pico_float/float_v1_rom_shim.S.obj
                0x0000000010004bac                float2int_shim
                0x0000000010004bae                float2fix_shim
 .text.float2double_shim
                0x0000000010004bc4       0x30 CMakeFiles/temp.dir/home/clam/micro_ros_ws/src/pico-sdk/src/rp2_common/pico_float/float_v1_rom_shim.S.obj
                0x0000000010004bc4                float2double_shim
 .text.__wrap_malloc
                0x0000000010004bf4       0x24 CMakeFiles/temp.dir/home/clam/micro_ros_ws/src/pico-sdk/src/rp2_common/pico_malloc/pico_malloc.c.obj
                0x0000000010004bf4                __wrap_malloc
 .text.__wrap_calloc
                0x0000000010004c18       0x24 CMakeFiles/temp.dir/home/clam/micro_ros_ws/src/pico-sdk/src/rp2_common/pico_malloc/pico_malloc.c.obj
                0x0000000010004c18                __wrap_calloc
 .text.__wrap_realloc
                0x0000000010004c3c       0x24 CMakeFiles/temp.dir/home/clam/micro_ros_ws/src/pico-sdk/src/rp2_common/pico_malloc/pico_malloc.c.obj
                0x0000000010004c3c                __wrap_realloc
 .text.__wrap_free
                0x0000000010004c60        0x8 CMakeFiles/temp.dir/home/clam/micro_ros_ws/src/pico-sdk/src/rp2_common/pico_malloc/pico_malloc.c.obj
                0x0000000010004c60                __wrap_free
 .text          0x0000000010004c68       0x10 CMakeFiles/temp.dir/home/clam/micro_ros_ws/src/pico-sdk/src/rp2_common/pico_mem_ops/mem_ops_aeabi.S.obj
                0x0000000010004c68                __aeabi_mem_init
 .text.memset   0x0000000010004c78        0xc CMakeFiles/temp.dir/home/clam/micro_ros_ws/src/pico-sdk/src/rp2_common/pico_mem_ops/mem_ops_aeabi.S.obj
                0x0000000010004c78                __wrap_memset
 .text.memcpy   0x0000000010004c84        0xc CMakeFiles/temp.dir/home/clam/micro_ros_ws/src/pico-sdk/src/rp2_common/pico_mem_ops/mem_ops_aeabi.S.obj
                0x0000000010004c84                __wrap___aeabi_memcpy
                0x0000000010004c84                __wrap_memcpy
 .text.stdio_out_chars_no_crlf
                0x0000000010004c90        0xe CMakeFiles/temp.dir/home/clam/micro_ros_ws/src/pico-sdk/src/rp2_common/pico_stdio/stdio.c.obj
 .text.stdio_out_chars_crlf
                0x0000000010004c9e        0xe CMakeFiles/temp.dir/home/clam/micro_ros_ws/src/pico-sdk/src/rp2_common/pico_stdio/stdio.c.obj
 .text.stdio_stack_buffer_flush
                0x0000000010004cac       0x44 CMakeFiles/temp.dir/home/clam/micro_ros_ws/src/pico-sdk/src/rp2_common/pico_stdio/stdio.c.obj
 .text.stdio_buffered_printer
                0x0000000010004cf0       0x20 CMakeFiles/temp.dir/home/clam/micro_ros_ws/src/pico-sdk/src/rp2_common/pico_stdio/stdio.c.obj
 .text.stdio_get_until
                0x0000000010004d10       0x80 CMakeFiles/temp.dir/home/clam/micro_ros_ws/src/pico-sdk/src/rp2_common/pico_stdio/stdio.c.obj
 .text.stdout_serialize_begin
                0x0000000010004d90       0x30 CMakeFiles/temp.dir/home/clam/micro_ros_ws/src/pico-sdk/src/rp2_common/pico_stdio/stdio.c.obj
                0x0000000010004d90                stdout_serialize_begin
 .text.stdout_serialize_end
                0x0000000010004dc0       0x10 CMakeFiles/temp.dir/home/clam/micro_ros_ws/src/pico-sdk/src/rp2_common/pico_stdio/stdio.c.obj
                0x0000000010004dc0                stdout_serialize_end
 .text.stdio_put_string
                0x0000000010004dd0       0x98 CMakeFiles/temp.dir/home/clam/micro_ros_ws/src/pico-sdk/src/rp2_common/pico_stdio/stdio.c.obj
 .text.__wrap_putchar
                0x0000000010004e68       0x1c CMakeFiles/temp.dir/home/clam/micro_ros_ws/src/pico-sdk/src/rp2_common/pico_stdio/stdio.c.obj
                0x0000000010004e68                __wrap_putchar
 .text._read    0x0000000010004e84       0x24 CMakeFiles/temp.dir/home/clam/micro_ros_ws/src/pico-sdk/src/rp2_common/pico_stdio/stdio.c.obj
                0x0000000010004e84                _read
 .text._write   0x0000000010004ea8       0x22 CMakeFiles/temp.dir/home/clam/micro_ros_ws/src/pico-sdk/src/rp2_common/pico_stdio/stdio.c.obj
                0x0000000010004ea8                _write
 *fill*         0x0000000010004eca        0x2 
 .text.stdio_set_driver_enabled
                0x0000000010004ecc       0x2c CMakeFiles/temp.dir/home/clam/micro_ros_ws/src/pico-sdk/src/rp2_common/pico_stdio/stdio.c.obj
                0x0000000010004ecc                stdio_set_driver_enabled
 .text.stdio_flush
                0x0000000010004ef8       0x20 CMakeFiles/temp.dir/home/clam/micro_ros_ws/src/pico-sdk/src/rp2_common/pico_stdio/stdio.c.obj
                0x0000000010004ef8                stdio_flush
 .text.__wrap_puts
                0x0000000010004f18       0x1e CMakeFiles/temp.dir/home/clam/micro_ros_ws/src/pico-sdk/src/rp2_common/pico_stdio/stdio.c.obj
                0x0000000010004f18                __wrap_puts
 *fill*         0x0000000010004f36        0x2 
 .text.__wrap_vprintf
                0x0000000010004f38       0x44 CMakeFiles/temp.dir/home/clam/micro_ros_ws/src/pico-sdk/src/rp2_common/pico_stdio/stdio.c.obj
                0x0000000010004f38                __wrap_vprintf
 .text.__wrap_printf
                0x0000000010004f7c       0x18 CMakeFiles/temp.dir/home/clam/micro_ros_ws/src/pico-sdk/src/rp2_common/pico_stdio/stdio.c.obj
                0x0000000010004f7c                __wrap_printf
 .text.stdio_init_all
                0x0000000010004f94        0x8 CMakeFiles/temp.dir/home/clam/micro_ros_ws/src/pico-sdk/src/rp2_common/pico_stdio/stdio.c.obj
                0x0000000010004f94                stdio_init_all
 .text.getchar_timeout_us
                0x0000000010004f9c       0x80 CMakeFiles/temp.dir/home/clam/micro_ros_ws/src/pico-sdk/src/rp2_common/pico_stdio/stdio.c.obj
                0x0000000010004f9c                getchar_timeout_us
 .text.resetd_init
                0x000000001000501c        0x2 CMakeFiles/temp.dir/home/clam/micro_ros_ws/src/pico-sdk/src/rp2_common/pico_stdio_usb/reset_interface.c.obj
 *fill*         0x000000001000501e        0x2 
 .text.resetd_reset
                0x0000000010005020        0xc CMakeFiles/temp.dir/home/clam/micro_ros_ws/src/pico-sdk/src/rp2_common/pico_stdio_usb/reset_interface.c.obj
 .text.resetd_open
                0x000000001000502c       0x34 CMakeFiles/temp.dir/home/clam/micro_ros_ws/src/pico-sdk/src/rp2_common/pico_stdio_usb/reset_interface.c.obj
 .text.resetd_xfer_cb
                0x0000000010005060        0x4 CMakeFiles/temp.dir/home/clam/micro_ros_ws/src/pico-sdk/src/rp2_common/pico_stdio_usb/reset_interface.c.obj
 .text.resetd_control_xfer_cb
                0x0000000010005064       0x6c CMakeFiles/temp.dir/home/clam/micro_ros_ws/src/pico-sdk/src/rp2_common/pico_stdio_usb/reset_interface.c.obj
 .text.usbd_app_driver_get_cb
                0x00000000100050d0        0xc CMakeFiles/temp.dir/home/clam/micro_ros_ws/src/pico-sdk/src/rp2_common/pico_stdio_usb/reset_interface.c.obj
                0x00000000100050d0                usbd_app_driver_get_cb
 .text.tud_cdc_line_coding_cb
                0x00000000100050dc       0x34 CMakeFiles/temp.dir/home/clam/micro_ros_ws/src/pico-sdk/src/rp2_common/pico_stdio_usb/reset_interface.c.obj
                0x00000000100050dc                tud_cdc_line_coding_cb
 .text.stdio_usb_in_chars
                0x0000000010005110       0x70 CMakeFiles/temp.dir/home/clam/micro_ros_ws/src/pico-sdk/src/rp2_common/pico_stdio_usb/stdio_usb.c.obj
                0x0000000010005110                stdio_usb_in_chars
 .text.low_priority_worker_irq
                0x0000000010005180       0x20 CMakeFiles/temp.dir/home/clam/micro_ros_ws/src/pico-sdk/src/rp2_common/pico_stdio_usb/stdio_usb.c.obj
 .text.stdio_usb_out_chars
                0x00000000100051a0       0xd4 CMakeFiles/temp.dir/home/clam/micro_ros_ws/src/pico-sdk/src/rp2_common/pico_stdio_usb/stdio_usb.c.obj
 .text.timer_task
                0x0000000010005274       0x40 CMakeFiles/temp.dir/home/clam/micro_ros_ws/src/pico-sdk/src/rp2_common/pico_stdio_usb/stdio_usb.c.obj
 .text.usb_irq  0x00000000100052b4       0x10 CMakeFiles/temp.dir/home/clam/micro_ros_ws/src/pico-sdk/src/rp2_common/pico_stdio_usb/stdio_usb.c.obj
 .text.stdio_usb_init
                0x00000000100052c4       0xec CMakeFiles/temp.dir/home/clam/micro_ros_ws/src/pico-sdk/src/rp2_common/pico_stdio_usb/stdio_usb.c.obj
                0x00000000100052c4                stdio_usb_init
 .text.tud_descriptor_device_cb
                0x00000000100053b0        0x8 CMakeFiles/temp.dir/home/clam/micro_ros_ws/src/pico-sdk/src/rp2_common/pico_stdio_usb/stdio_usb_descriptors.c.obj
                0x00000000100053b0                tud_descriptor_device_cb
 .text.tud_descriptor_configuration_cb
                0x00000000100053b8        0x8 CMakeFiles/temp.dir/home/clam/micro_ros_ws/src/pico-sdk/src/rp2_common/pico_stdio_usb/stdio_usb_descriptors.c.obj
                0x00000000100053b8                tud_descriptor_configuration_cb
 .text.tud_descriptor_string_cb
                0x00000000100053c0       0x6c CMakeFiles/temp.dir/home/clam/micro_ros_ws/src/pico-sdk/src/rp2_common/pico_stdio_usb/stdio_usb_descriptors.c.obj
                0x00000000100053c0                tud_descriptor_string_cb
 .text.hw_endpoint_get_by_addr
                0x000000001000542c       0x18 CMakeFiles/temp.dir/home/clam/micro_ros_ws/src/pico-sdk/lib/tinyusb/src/portable/raspberrypi/rp2040/dcd_rp2040.c.obj
 .text.reset_ep0_pid
                0x0000000010005444       0x28 CMakeFiles/temp.dir/home/clam/micro_ros_ws/src/pico-sdk/lib/tinyusb/src/portable/raspberrypi/rp2040/dcd_rp2040.c.obj
 .text._hw_endpoint_alloc
                0x000000001000546c       0x70 CMakeFiles/temp.dir/home/clam/micro_ros_ws/src/pico-sdk/lib/tinyusb/src/portable/raspberrypi/rp2040/dcd_rp2040.c.obj
 .text.hw_endpoint_init
                0x00000000100054dc       0x88 CMakeFiles/temp.dir/home/clam/micro_ros_ws/src/pico-sdk/lib/tinyusb/src/portable/raspberrypi/rp2040/dcd_rp2040.c.obj
 .text.reset_non_control_endpoints
                0x0000000010005564       0x40 CMakeFiles/temp.dir/home/clam/micro_ros_ws/src/pico-sdk/lib/tinyusb/src/portable/raspberrypi/rp2040/dcd_rp2040.c.obj
 .text.hw_handle_buff_status
                0x00000000100055a4       0x8c CMakeFiles/temp.dir/home/clam/micro_ros_ws/src/pico-sdk/lib/tinyusb/src/portable/raspberrypi/rp2040/dcd_rp2040.c.obj
 .text.dcd_rp2040_irq
                0x0000000010005630       0xc0 CMakeFiles/temp.dir/home/clam/micro_ros_ws/src/pico-sdk/lib/tinyusb/src/portable/raspberrypi/rp2040/dcd_rp2040.c.obj
 .text.hw_endpoint_xfer
                0x00000000100056f0       0x14 CMakeFiles/temp.dir/home/clam/micro_ros_ws/src/pico-sdk/lib/tinyusb/src/portable/raspberrypi/rp2040/dcd_rp2040.c.obj
 .text.dcd_int_enable
                0x0000000010005704       0x2c CMakeFiles/temp.dir/home/clam/micro_ros_ws/src/pico-sdk/lib/tinyusb/src/portable/raspberrypi/rp2040/dcd_rp2040.c.obj
                0x0000000010005704                dcd_int_enable
 .text.dcd_set_address
                0x0000000010005730       0x2c CMakeFiles/temp.dir/home/clam/micro_ros_ws/src/pico-sdk/lib/tinyusb/src/portable/raspberrypi/rp2040/dcd_rp2040.c.obj
                0x0000000010005730                dcd_set_address
 .text.dcd_connect
                0x000000001000575c       0x10 CMakeFiles/temp.dir/home/clam/micro_ros_ws/src/pico-sdk/lib/tinyusb/src/portable/raspberrypi/rp2040/dcd_rp2040.c.obj
                0x000000001000575c                dcd_connect
 .text.dcd_init
                0x000000001000576c       0x7c CMakeFiles/temp.dir/home/clam/micro_ros_ws/src/pico-sdk/lib/tinyusb/src/portable/raspberrypi/rp2040/dcd_rp2040.c.obj
                0x000000001000576c                dcd_init
 .text.dcd_edpt0_status_complete
                0x00000000100057e8       0x1c CMakeFiles/temp.dir/home/clam/micro_ros_ws/src/pico-sdk/lib/tinyusb/src/portable/raspberrypi/rp2040/dcd_rp2040.c.obj
                0x00000000100057e8                dcd_edpt0_status_complete
 .text.dcd_edpt_open
                0x0000000010005804       0x40 CMakeFiles/temp.dir/home/clam/micro_ros_ws/src/pico-sdk/lib/tinyusb/src/portable/raspberrypi/rp2040/dcd_rp2040.c.obj
                0x0000000010005804                dcd_edpt_open
 .text.dcd_edpt_close_all
                0x0000000010005844        0x8 CMakeFiles/temp.dir/home/clam/micro_ros_ws/src/pico-sdk/lib/tinyusb/src/portable/raspberrypi/rp2040/dcd_rp2040.c.obj
                0x0000000010005844                dcd_edpt_close_all
 .text.dcd_edpt_xfer
                0x000000001000584c       0x30 CMakeFiles/temp.dir/home/clam/micro_ros_ws/src/pico-sdk/lib/tinyusb/src/portable/raspberrypi/rp2040/dcd_rp2040.c.obj
                0x000000001000584c                dcd_edpt_xfer
 .text.dcd_edpt_stall
                0x000000001000587c       0x2c CMakeFiles/temp.dir/home/clam/micro_ros_ws/src/pico-sdk/lib/tinyusb/src/portable/raspberrypi/rp2040/dcd_rp2040.c.obj
                0x000000001000587c                dcd_edpt_stall
 .text.dcd_edpt_clear_stall
                0x00000000100058a8       0x20 CMakeFiles/temp.dir/home/clam/micro_ros_ws/src/pico-sdk/lib/tinyusb/src/portable/raspberrypi/rp2040/dcd_rp2040.c.obj
                0x00000000100058a8                dcd_edpt_clear_stall
 .text.prepare_ep_buffer
                0x00000000100058c8       0x70 CMakeFiles/temp.dir/home/clam/micro_ros_ws/src/pico-sdk/lib/tinyusb/src/portable/raspberrypi/rp2040/rp2040_usb.c.obj
 .text.sync_ep_buffer
                0x0000000010005938       0x7c CMakeFiles/temp.dir/home/clam/micro_ros_ws/src/pico-sdk/lib/tinyusb/src/portable/raspberrypi/rp2040/rp2040_usb.c.obj
 .text._hw_endpoint_xfer_sync
                0x00000000100059b4       0x28 CMakeFiles/temp.dir/home/clam/micro_ros_ws/src/pico-sdk/lib/tinyusb/src/portable/raspberrypi/rp2040/rp2040_usb.c.obj
 .text.rp2040_usb_init
                0x00000000100059dc       0x4c CMakeFiles/temp.dir/home/clam/micro_ros_ws/src/pico-sdk/lib/tinyusb/src/portable/raspberrypi/rp2040/rp2040_usb.c.obj
                0x00000000100059dc                rp2040_usb_init
 .text.hw_endpoint_reset_transfer
                0x0000000010005a28        0xc CMakeFiles/temp.dir/home/clam/micro_ros_ws/src/pico-sdk/lib/tinyusb/src/portable/raspberrypi/rp2040/rp2040_usb.c.obj
                0x0000000010005a28                hw_endpoint_reset_transfer
 .text._hw_endpoint_buffer_control_update32
                0x0000000010005a34       0x58 CMakeFiles/temp.dir/home/clam/micro_ros_ws/src/pico-sdk/lib/tinyusb/src/portable/raspberrypi/rp2040/rp2040_usb.c.obj
                0x0000000010005a34                _hw_endpoint_buffer_control_update32
 .text._hw_endpoint_start_next_buffer
                0x0000000010005a8c       0x74 CMakeFiles/temp.dir/home/clam/micro_ros_ws/src/pico-sdk/lib/tinyusb/src/portable/raspberrypi/rp2040/rp2040_usb.c.obj
 .text.hw_endpoint_xfer_start
                0x0000000010005b00       0x48 CMakeFiles/temp.dir/home/clam/micro_ros_ws/src/pico-sdk/lib/tinyusb/src/portable/raspberrypi/rp2040/rp2040_usb.c.obj
                0x0000000010005b00                hw_endpoint_xfer_start
 .text.hw_endpoint_xfer_continue
                0x0000000010005b48       0x38 CMakeFiles/temp.dir/home/clam/micro_ros_ws/src/pico-sdk/lib/tinyusb/src/portable/raspberrypi/rp2040/rp2040_usb.c.obj
                0x0000000010005b48                hw_endpoint_xfer_continue
 .text.configuration_reset
                0x0000000010005b80       0x84 CMakeFiles/temp.dir/home/clam/micro_ros_ws/src/pico-sdk/lib/tinyusb/src/device/usbd.c.obj
 .text.usbd_reset
                0x0000000010005c04        0xc CMakeFiles/temp.dir/home/clam/micro_ros_ws/src/pico-sdk/lib/tinyusb/src/device/usbd.c.obj
 .text.invoke_class_control
                0x0000000010005c10       0x1a CMakeFiles/temp.dir/home/clam/micro_ros_ws/src/pico-sdk/lib/tinyusb/src/device/usbd.c.obj
 *fill*         0x0000000010005c2a        0x2 
 .text.process_set_config
                0x0000000010005c2c      0x1ac CMakeFiles/temp.dir/home/clam/micro_ros_ws/src/pico-sdk/lib/tinyusb/src/device/usbd.c.obj
 .text.process_get_descriptor
                0x0000000010005dd8       0xec CMakeFiles/temp.dir/home/clam/micro_ros_ws/src/pico-sdk/lib/tinyusb/src/device/usbd.c.obj
 .text.tud_mounted
                0x0000000010005ec4       0x10 CMakeFiles/temp.dir/home/clam/micro_ros_ws/src/pico-sdk/lib/tinyusb/src/device/usbd.c.obj
                0x0000000010005ec4                tud_mounted
 .text.tud_suspended
                0x0000000010005ed4       0x10 CMakeFiles/temp.dir/home/clam/micro_ros_ws/src/pico-sdk/lib/tinyusb/src/device/usbd.c.obj
                0x0000000010005ed4                tud_suspended
 .text.tud_inited
                0x0000000010005ee4        0xc CMakeFiles/temp.dir/home/clam/micro_ros_ws/src/pico-sdk/lib/tinyusb/src/device/usbd.c.obj
                0x0000000010005ee4                tud_inited
 .text.tud_init
                0x0000000010005ef0       0xcc CMakeFiles/temp.dir/home/clam/micro_ros_ws/src/pico-sdk/lib/tinyusb/src/device/usbd.c.obj
                0x0000000010005ef0                tud_init
 .text.dcd_event_handler
                0x0000000010005fbc      0x1e0 CMakeFiles/temp.dir/home/clam/micro_ros_ws/src/pico-sdk/lib/tinyusb/src/device/usbd.c.obj
                0x0000000010005fbc                dcd_event_handler
 .text.dcd_event_bus_signal
                0x000000001000619c       0x26 CMakeFiles/temp.dir/home/clam/micro_ros_ws/src/pico-sdk/lib/tinyusb/src/device/usbd.c.obj
                0x000000001000619c                dcd_event_bus_signal
 .text.dcd_event_bus_reset
                0x00000000100061c2       0x2a CMakeFiles/temp.dir/home/clam/micro_ros_ws/src/pico-sdk/lib/tinyusb/src/device/usbd.c.obj
                0x00000000100061c2                dcd_event_bus_reset
 .text.dcd_event_setup_received
                0x00000000100061ec       0x34 CMakeFiles/temp.dir/home/clam/micro_ros_ws/src/pico-sdk/lib/tinyusb/src/device/usbd.c.obj
                0x00000000100061ec                dcd_event_setup_received
 .text.dcd_event_xfer_complete
                0x0000000010006220       0x44 CMakeFiles/temp.dir/home/clam/micro_ros_ws/src/pico-sdk/lib/tinyusb/src/device/usbd.c.obj
                0x0000000010006220                dcd_event_xfer_complete
 .text.usbd_edpt_open
                0x0000000010006264       0x58 CMakeFiles/temp.dir/home/clam/micro_ros_ws/src/pico-sdk/lib/tinyusb/src/device/usbd.c.obj
                0x0000000010006264                usbd_edpt_open
 .text.usbd_open_edpt_pair
                0x00000000100062bc       0x8c CMakeFiles/temp.dir/home/clam/micro_ros_ws/src/pico-sdk/lib/tinyusb/src/device/usbd.c.obj
                0x00000000100062bc                usbd_open_edpt_pair
 .text.usbd_edpt_claim
                0x0000000010006348       0x8c CMakeFiles/temp.dir/home/clam/micro_ros_ws/src/pico-sdk/lib/tinyusb/src/device/usbd.c.obj
                0x0000000010006348                usbd_edpt_claim
 .text.usbd_edpt_release
                0x00000000100063d4       0x68 CMakeFiles/temp.dir/home/clam/micro_ros_ws/src/pico-sdk/lib/tinyusb/src/device/usbd.c.obj
                0x00000000100063d4                usbd_edpt_release
 .text.usbd_edpt_xfer
                0x000000001000643c       0x80 CMakeFiles/temp.dir/home/clam/micro_ros_ws/src/pico-sdk/lib/tinyusb/src/device/usbd.c.obj
                0x000000001000643c                usbd_edpt_xfer
 .text.usbd_edpt_stall
                0x00000000100064bc       0x40 CMakeFiles/temp.dir/home/clam/micro_ros_ws/src/pico-sdk/lib/tinyusb/src/device/usbd.c.obj
                0x00000000100064bc                usbd_edpt_stall
 .text.usbd_edpt_clear_stall
                0x00000000100064fc       0x40 CMakeFiles/temp.dir/home/clam/micro_ros_ws/src/pico-sdk/lib/tinyusb/src/device/usbd.c.obj
                0x00000000100064fc                usbd_edpt_clear_stall
 .text.usbd_edpt_stalled
                0x000000001000653c       0x1c CMakeFiles/temp.dir/home/clam/micro_ros_ws/src/pico-sdk/lib/tinyusb/src/device/usbd.c.obj
                0x000000001000653c                usbd_edpt_stalled
 .text.process_control_request
                0x0000000010006558      0x3b8 CMakeFiles/temp.dir/home/clam/micro_ros_ws/src/pico-sdk/lib/tinyusb/src/device/usbd.c.obj
 .text.tud_task
                0x0000000010006910      0x218 CMakeFiles/temp.dir/home/clam/micro_ros_ws/src/pico-sdk/lib/tinyusb/src/device/usbd.c.obj
                0x0000000010006910                tud_task
 .text._data_stage_xact
                0x0000000010006b28       0x58 CMakeFiles/temp.dir/home/clam/micro_ros_ws/src/pico-sdk/lib/tinyusb/src/device/usbd_control.c.obj
 .text.tud_control_status
                0x0000000010006b80       0x38 CMakeFiles/temp.dir/home/clam/micro_ros_ws/src/pico-sdk/lib/tinyusb/src/device/usbd_control.c.obj
                0x0000000010006b80                tud_control_status
 .text.tud_control_xfer
                0x0000000010006bb8       0xa8 CMakeFiles/temp.dir/home/clam/micro_ros_ws/src/pico-sdk/lib/tinyusb/src/device/usbd_control.c.obj
                0x0000000010006bb8                tud_control_xfer
 .text.usbd_control_reset
                0x0000000010006c60       0x14 CMakeFiles/temp.dir/home/clam/micro_ros_ws/src/pico-sdk/lib/tinyusb/src/device/usbd_control.c.obj
                0x0000000010006c60                usbd_control_reset
 .text.usbd_control_set_complete_callback
                0x0000000010006c74        0xc CMakeFiles/temp.dir/home/clam/micro_ros_ws/src/pico-sdk/lib/tinyusb/src/device/usbd_control.c.obj
                0x0000000010006c74                usbd_control_set_complete_callback
 .text.usbd_control_set_request
                0x0000000010006c80       0x1c CMakeFiles/temp.dir/home/clam/micro_ros_ws/src/pico-sdk/lib/tinyusb/src/device/usbd_control.c.obj
                0x0000000010006c80                usbd_control_set_request
 .text.usbd_control_xfer_cb
                0x0000000010006c9c       0xfc CMakeFiles/temp.dir/home/clam/micro_ros_ws/src/pico-sdk/lib/tinyusb/src/device/usbd_control.c.obj
                0x0000000010006c9c                usbd_control_xfer_cb
 .text._prep_out_transaction
                0x0000000010006d98       0x46 CMakeFiles/temp.dir/home/clam/micro_ros_ws/src/pico-sdk/lib/tinyusb/src/class/cdc/cdc_device.c.obj
 *fill*         0x0000000010006dde        0x2 
 .text.tud_cdc_n_connected
                0x0000000010006de0       0x44 CMakeFiles/temp.dir/home/clam/micro_ros_ws/src/pico-sdk/lib/tinyusb/src/class/cdc/cdc_device.c.obj
                0x0000000010006de0                tud_cdc_n_connected
 .text.tud_cdc_n_available
                0x0000000010006e24       0x18 CMakeFiles/temp.dir/home/clam/micro_ros_ws/src/pico-sdk/lib/tinyusb/src/class/cdc/cdc_device.c.obj
                0x0000000010006e24                tud_cdc_n_available
 .text.tud_cdc_n_read
                0x0000000010006e3c       0x28 CMakeFiles/temp.dir/home/clam/micro_ros_ws/src/pico-sdk/lib/tinyusb/src/class/cdc/cdc_device.c.obj
                0x0000000010006e3c                tud_cdc_n_read
 .text.tud_cdc_n_write_flush
                0x0000000010006e64       0xcc CMakeFiles/temp.dir/home/clam/micro_ros_ws/src/pico-sdk/lib/tinyusb/src/class/cdc/cdc_device.c.obj
                0x0000000010006e64                tud_cdc_n_write_flush
 .text.tud_cdc_n_write
                0x0000000010006f30       0x38 CMakeFiles/temp.dir/home/clam/micro_ros_ws/src/pico-sdk/lib/tinyusb/src/class/cdc/cdc_device.c.obj
                0x0000000010006f30                tud_cdc_n_write
 .text.tud_cdc_n_write_available
                0x0000000010006f68       0x1c CMakeFiles/temp.dir/home/clam/micro_ros_ws/src/pico-sdk/lib/tinyusb/src/class/cdc/cdc_device.c.obj
                0x0000000010006f68                tud_cdc_n_write_available
 .text.cdcd_init
                0x0000000010006f84       0xbc CMakeFiles/temp.dir/home/clam/micro_ros_ws/src/pico-sdk/lib/tinyusb/src/class/cdc/cdc_device.c.obj
                0x0000000010006f84                cdcd_init
 .text.cdcd_reset
                0x0000000010007040       0x44 CMakeFiles/temp.dir/home/clam/micro_ros_ws/src/pico-sdk/lib/tinyusb/src/class/cdc/cdc_device.c.obj
                0x0000000010007040                cdcd_reset
 .text.cdcd_open
                0x0000000010007084       0xf8 CMakeFiles/temp.dir/home/clam/micro_ros_ws/src/pico-sdk/lib/tinyusb/src/class/cdc/cdc_device.c.obj
                0x0000000010007084                cdcd_open
 .text.cdcd_control_xfer_cb
                0x000000001000717c      0x134 CMakeFiles/temp.dir/home/clam/micro_ros_ws/src/pico-sdk/lib/tinyusb/src/class/cdc/cdc_device.c.obj
                0x000000001000717c                cdcd_control_xfer_cb
 .text.cdcd_xfer_cb
                0x00000000100072b0      0x144 CMakeFiles/temp.dir/home/clam/micro_ros_ws/src/pico-sdk/lib/tinyusb/src/class/cdc/cdc_device.c.obj
                0x00000000100072b0                cdcd_xfer_cb
 .text.tusb_init
                0x00000000100073f4       0x24 CMakeFiles/temp.dir/home/clam/micro_ros_ws/src/pico-sdk/lib/tinyusb/src/tusb.c.obj
                0x00000000100073f4                tusb_init
 .text.tusb_inited
                0x0000000010007418        0xe CMakeFiles/temp.dir/home/clam/micro_ros_ws/src/pico-sdk/lib/tinyusb/src/tusb.c.obj
                0x0000000010007418                tusb_inited
 *fill*         0x0000000010007426        0x2 
 .text.tu_edpt_validate
                0x0000000010007428       0xa8 CMakeFiles/temp.dir/home/clam/micro_ros_ws/src/pico-sdk/lib/tinyusb/src/tusb.c.obj
                0x0000000010007428                tu_edpt_validate
 .text.tu_edpt_bind_driver
                0x00000000100074d0       0x2a CMakeFiles/temp.dir/home/clam/micro_ros_ws/src/pico-sdk/lib/tinyusb/src/tusb.c.obj
                0x00000000100074d0                tu_edpt_bind_driver
 .text.advance_pointer
                0x00000000100074fa       0x18 CMakeFiles/temp.dir/home/clam/micro_ros_ws/src/pico-sdk/lib/tinyusb/src/common/tusb_fifo.c.obj
 .text.backward_pointer
                0x0000000010007512       0x1e CMakeFiles/temp.dir/home/clam/micro_ros_ws/src/pico-sdk/lib/tinyusb/src/common/tusb_fifo.c.obj
 .text.get_relative_pointer
                0x0000000010007530       0x10 CMakeFiles/temp.dir/home/clam/micro_ros_ws/src/pico-sdk/lib/tinyusb/src/common/tusb_fifo.c.obj
 .text._tu_fifo_peek
                0x0000000010007540       0x50 CMakeFiles/temp.dir/home/clam/micro_ros_ws/src/pico-sdk/lib/tinyusb/src/common/tusb_fifo.c.obj
 .text._ff_pull_const_addr
                0x0000000010007590       0x4c CMakeFiles/temp.dir/home/clam/micro_ros_ws/src/pico-sdk/lib/tinyusb/src/common/tusb_fifo.c.obj
 .text._ff_pull_n
                0x00000000100075dc      0x10c CMakeFiles/temp.dir/home/clam/micro_ros_ws/src/pico-sdk/lib/tinyusb/src/common/tusb_fifo.c.obj
 .text._tu_fifo_peek_n
                0x00000000100076e8       0x5e CMakeFiles/temp.dir/home/clam/micro_ros_ws/src/pico-sdk/lib/tinyusb/src/common/tusb_fifo.c.obj
 .text._tu_fifo_read_n
                0x0000000010007746       0x4e CMakeFiles/temp.dir/home/clam/micro_ros_ws/src/pico-sdk/lib/tinyusb/src/common/tusb_fifo.c.obj
 .text._ff_push_const_addr
                0x0000000010007794       0x40 CMakeFiles/temp.dir/home/clam/micro_ros_ws/src/pico-sdk/lib/tinyusb/src/common/tusb_fifo.c.obj
 .text._ff_push_n
                0x00000000100077d4      0x106 CMakeFiles/temp.dir/home/clam/micro_ros_ws/src/pico-sdk/lib/tinyusb/src/common/tusb_fifo.c.obj
 .text._tu_fifo_write_n
                0x00000000100078da       0x9e CMakeFiles/temp.dir/home/clam/micro_ros_ws/src/pico-sdk/lib/tinyusb/src/common/tusb_fifo.c.obj
 .text.tu_fifo_config
                0x0000000010007978       0x72 CMakeFiles/temp.dir/home/clam/micro_ros_ws/src/pico-sdk/lib/tinyusb/src/common/tusb_fifo.c.obj
                0x0000000010007978                tu_fifo_config
 .text.tu_fifo_count
                0x00000000100079ea       0x26 CMakeFiles/temp.dir/home/clam/micro_ros_ws/src/pico-sdk/lib/tinyusb/src/common/tusb_fifo.c.obj
                0x00000000100079ea                tu_fifo_count
 .text.tu_fifo_empty
                0x0000000010007a10        0xe CMakeFiles/temp.dir/home/clam/micro_ros_ws/src/pico-sdk/lib/tinyusb/src/common/tusb_fifo.c.obj
                0x0000000010007a10                tu_fifo_empty
 .text.tu_fifo_remaining
                0x0000000010007a1e       0x20 CMakeFiles/temp.dir/home/clam/micro_ros_ws/src/pico-sdk/lib/tinyusb/src/common/tusb_fifo.c.obj
                0x0000000010007a1e                tu_fifo_remaining
 .text.tu_fifo_read
                0x0000000010007a3e       0x42 CMakeFiles/temp.dir/home/clam/micro_ros_ws/src/pico-sdk/lib/tinyusb/src/common/tusb_fifo.c.obj
                0x0000000010007a3e                tu_fifo_read
 .text.tu_fifo_read_n
                0x0000000010007a80        0xa CMakeFiles/temp.dir/home/clam/micro_ros_ws/src/pico-sdk/lib/tinyusb/src/common/tusb_fifo.c.obj
                0x0000000010007a80                tu_fifo_read_n
 .text.tu_fifo_write
                0x0000000010007a8a       0x6c CMakeFiles/temp.dir/home/clam/micro_ros_ws/src/pico-sdk/lib/tinyusb/src/common/tusb_fifo.c.obj
                0x0000000010007a8a                tu_fifo_write
 .text.tu_fifo_write_n
                0x0000000010007af6        0xa CMakeFiles/temp.dir/home/clam/micro_ros_ws/src/pico-sdk/lib/tinyusb/src/common/tusb_fifo.c.obj
                0x0000000010007af6                tu_fifo_write_n
 .text.tu_fifo_clear
                0x0000000010007b00       0x4c CMakeFiles/temp.dir/home/clam/micro_ros_ws/src/pico-sdk/lib/tinyusb/src/common/tusb_fifo.c.obj
                0x0000000010007b00                tu_fifo_clear
 .text.tu_fifo_set_overwritable
                0x0000000010007b4c       0x3c CMakeFiles/temp.dir/home/clam/micro_ros_ws/src/pico-sdk/lib/tinyusb/src/common/tusb_fifo.c.obj
                0x0000000010007b4c                tu_fifo_set_overwritable
 .text._retrieve_unique_id_on_boot
                0x0000000010007b88       0x10 CMakeFiles/temp.dir/home/clam/micro_ros_ws/src/pico-sdk/src/rp2_common/pico_unique_id/unique_id.c.obj
 .text.pico_get_unique_board_id_string
                0x0000000010007b98       0x60 CMakeFiles/temp.dir/home/clam/micro_ros_ws/src/pico-sdk/src/rp2_common/pico_unique_id/unique_id.c.obj
                0x0000000010007b98                pico_get_unique_board_id_string
 .text.flash_get_unique_id
                0x0000000010007bf8       0x46 CMakeFiles/temp.dir/home/clam/micro_ros_ws/src/pico-sdk/src/rp2_common/hardware_flash/flash.c.obj
                0x0000000010007bf8                flash_get_unique_id
 *fill*         0x0000000010007c3e        0x2 
 .text.adc_init
                0x0000000010007c40       0x34 CMakeFiles/temp.dir/home/clam/micro_ros_ws/src/pico-sdk/src/rp2_common/hardware_adc/adc.c.obj
                0x0000000010007c40                adc_init
 .text.rcl_get_zero_initialized_publisher
                0x0000000010007c74        0xc /home/clam/micro_ros_ws/src/temp/libmicroros/libmicroros.a(librcl-publisher.c.obj)
                0x0000000010007c74                rcl_get_zero_initialized_publisher
 .text.rcl_publisher_init
                0x0000000010007c80      0x138 /home/clam/micro_ros_ws/src/temp/libmicroros/libmicroros.a(librcl-publisher.c.obj)
                0x0000000010007c80                rcl_publisher_init
 .text.rcl_publisher_get_default_options
                0x0000000010007db8       0x50 /home/clam/micro_ros_ws/src/temp/libmicroros/libmicroros.a(librcl-publisher.c.obj)
                0x0000000010007db8                rcl_publisher_get_default_options
 .text.rcl_publish
                0x0000000010007e08       0x4c /home/clam/micro_ros_ws/src/temp/libmicroros/libmicroros.a(librcl-publisher.c.obj)
                0x0000000010007e08                rcl_publish
 .text.rcl_publisher_is_valid
                0x0000000010007e54       0x30 /home/clam/micro_ros_ws/src/temp/libmicroros/libmicroros.a(librcl-publisher.c.obj)
                0x0000000010007e54                rcl_publisher_is_valid
 .text.rcl_publisher_is_valid_except_context
                0x0000000010007e84       0x1c /home/clam/micro_ros_ws/src/temp/libmicroros/libmicroros.a(librcl-publisher.c.obj)
                0x0000000010007e84                rcl_publisher_is_valid_except_context
 .text._rclc_check_for_new_data
                0x0000000010007ea0       0x90 /home/clam/micro_ros_ws/src/temp/libmicroros/libmicroros.a(librclc-executor.c.obj)
 .text._rclc_take_new_data
                0x0000000010007f30      0x2c8 /home/clam/micro_ros_ws/src/temp/libmicroros/libmicroros.a(librclc-executor.c.obj)
 .text._rclc_execute.part.0
                0x00000000100081f8      0x29c /home/clam/micro_ros_ws/src/temp/libmicroros/libmicroros.a(librclc-executor.c.obj)
 .text.rclc_executor_trigger_any
                0x0000000010008494       0x7c /home/clam/micro_ros_ws/src/temp/libmicroros/libmicroros.a(librclc-executor.c.obj)
                0x0000000010008494                rclc_executor_trigger_any
 .text.rclc_executor_get_zero_initialized_executor
                0x0000000010008510       0x14 /home/clam/micro_ros_ws/src/temp/libmicroros/libmicroros.a(librclc-executor.c.obj)
                0x0000000010008510                rclc_executor_get_zero_initialized_executor
 .text.rclc_executor_init
                0x0000000010008524       0xc0 /home/clam/micro_ros_ws/src/temp/libmicroros/libmicroros.a(librclc-executor.c.obj)
                0x0000000010008524                rclc_executor_init
 .text.rclc_executor_add_timer
                0x00000000100085e4       0x58 /home/clam/micro_ros_ws/src/temp/libmicroros/libmicroros.a(librclc-executor.c.obj)
                0x00000000100085e4                rclc_executor_add_timer
 .text.rclc_executor_prepare
                0x000000001000863c       0x88 /home/clam/micro_ros_ws/src/temp/libmicroros/libmicroros.a(librclc-executor.c.obj)
                0x000000001000863c                rclc_executor_prepare
 .text.rclc_executor_spin_some.part.0
                0x00000000100086c4      0x378 /home/clam/micro_ros_ws/src/temp/libmicroros/libmicroros.a(librclc-executor.c.obj)
 .text.rclc_executor_spin_some
                0x0000000010008a3c       0x30 /home/clam/micro_ros_ws/src/temp/libmicroros/libmicroros.a(librclc-executor.c.obj)
                0x0000000010008a3c                rclc_executor_spin_some
 .text.rclc_executor_handle_counters_zero_init
                0x0000000010008a6c       0x18 /home/clam/micro_ros_ws/src/temp/libmicroros/libmicroros.a(librclc-executor_handle.c.obj)
                0x0000000010008a6c                rclc_executor_handle_counters_zero_init
 .text.rclc_executor_handle_init
                0x0000000010008a84       0x28 /home/clam/micro_ros_ws/src/temp/libmicroros/libmicroros.a(librclc-executor_handle.c.obj)
                0x0000000010008a84                rclc_executor_handle_init
 .text.rclc_support_init
                0x0000000010008aac       0x94 /home/clam/micro_ros_ws/src/temp/libmicroros/libmicroros.a(librclc-init.c.obj)
                0x0000000010008aac                rclc_support_init
 .text.rclc_node_init_default
                0x0000000010008b40       0x74 /home/clam/micro_ros_ws/src/temp/libmicroros/libmicroros.a(librclc-node.c.obj)
                0x0000000010008b40                rclc_node_init_default
 .text.rclc_publisher_init_default
                0x0000000010008bb4       0x68 /home/clam/micro_ros_ws/src/temp/libmicroros/libmicroros.a(librclc-publisher.c.obj)
                0x0000000010008bb4                rclc_publisher_init_default
 .text.rclc_timer_init_default
                0x0000000010008c1c       0x60 /home/clam/micro_ros_ws/src/temp/libmicroros/libmicroros.a(librclc-timer.c.obj)
                0x0000000010008c1c                rclc_timer_init_default
 .text.__default_zero_allocate
                0x0000000010008c7c        0x8 /home/clam/micro_ros_ws/src/temp/libmicroros/libmicroros.a(librcutils-allocator.c.obj)
 .text.__default_reallocate
                0x0000000010008c84        0x8 /home/clam/micro_ros_ws/src/temp/libmicroros/libmicroros.a(librcutils-allocator.c.obj)
 .text.__default_deallocate
                0x0000000010008c8c        0x8 /home/clam/micro_ros_ws/src/temp/libmicroros/libmicroros.a(librcutils-allocator.c.obj)
 .text.__default_allocate
                0x0000000010008c94        0x8 /home/clam/micro_ros_ws/src/temp/libmicroros/libmicroros.a(librcutils-allocator.c.obj)
 .text.rcutils_get_default_allocator
                0x0000000010008c9c       0x14 /home/clam/micro_ros_ws/src/temp/libmicroros/libmicroros.a(librcutils-allocator.c.obj)
                0x0000000010008c9c                rcutils_get_default_allocator
 .text.rcutils_allocator_is_valid
                0x0000000010008cb0       0x24 /home/clam/micro_ros_ws/src/temp/libmicroros/libmicroros.a(librcutils-allocator.c.obj)
                0x0000000010008cb0                rcutils_allocator_is_valid
 .text.rcutils_get_error_string
                0x0000000010008cd4       0x34 /home/clam/micro_ros_ws/src/temp/libmicroros/libmicroros.a(librcutils-error_handling.c.obj)
                0x0000000010008cd4                rcutils_get_error_string
 .text.rcutils_reset_error
                0x0000000010008d08       0x38 /home/clam/micro_ros_ws/src/temp/libmicroros/libmicroros.a(librcutils-error_handling.c.obj)
                0x0000000010008d08                rcutils_reset_error
 .text.rcutils_system_time_now
                0x0000000010008d40       0x4c /home/clam/micro_ros_ws/src/temp/libmicroros/libmicroros.a(librcutils-time_unix.c.obj)
                0x0000000010008d40                rcutils_system_time_now
 .text.rcutils_steady_time_now
                0x0000000010008d8c       0x4c /home/clam/micro_ros_ws/src/temp/libmicroros/libmicroros.a(librcutils-time_unix.c.obj)
                0x0000000010008d8c                rcutils_steady_time_now
 .text.rmw_get_default_publisher_options
                0x0000000010008dd8        0x8 /home/clam/micro_ros_ws/src/temp/libmicroros/libmicroros.a(librmw-publisher_options.c.obj)
                0x0000000010008dd8                rmw_get_default_publisher_options
 .text.rmw_uros_set_custom_transport
                0x0000000010008de0       0x34 /home/clam/micro_ros_ws/src/temp/libmicroros/libmicroros.a(librmw_microxrcedds-custom_transport.c.obj)
                0x0000000010008de0                rmw_uros_set_custom_transport
 .text.rmw_uros_ping_agent
                0x0000000010008e14       0xa0 /home/clam/micro_ros_ws/src/temp/libmicroros/libmicroros.a(librmw_microxrcedds-ping.c.obj)
                0x0000000010008e14                rmw_uros_ping_agent
 .text.flush_session
                0x0000000010008eb4        0xc /home/clam/micro_ros_ws/src/temp/libmicroros/libmicroros.a(librmw_microxrcedds-rmw_publish.c.obj)
                0x0000000010008eb4                flush_session
 .text.rmw_publish
                0x0000000010008ec0       0xd8 /home/clam/micro_ros_ws/src/temp/libmicroros/libmicroros.a(librmw_microxrcedds-rmw_publish.c.obj)
                0x0000000010008ec0                rmw_publish
 .text.rmw_create_publisher
                0x0000000010008f98      0x218 /home/clam/micro_ros_ws/src/temp/libmicroros/libmicroros.a(librmw_microxrcedds-rmw_publisher.c.obj)
                0x0000000010008f98                rmw_create_publisher
 .text.rmw_publisher_get_actual_qos
                0x00000000100091b0        0x4 /home/clam/micro_ros_ws/src/temp/libmicroros/libmicroros.a(librmw_microxrcedds-rmw_publisher.c.obj)
                0x00000000100091b0                rmw_publisher_get_actual_qos
 .text.rmw_destroy_publisher
                0x00000000100091b4       0xf4 /home/clam/micro_ros_ws/src/temp/libmicroros/libmicroros.a(librmw_microxrcedds-rmw_publisher.c.obj)
                0x00000000100091b4                rmw_destroy_publisher
 .text.rmw_uxrce_transport_init
                0x00000000100092a8       0x2c /home/clam/micro_ros_ws/src/temp/libmicroros/libmicroros.a(librmw_microxrcedds-rmw_uxrce_transports.c.obj)
                0x00000000100092a8                rmw_uxrce_transport_init
 .text.rmw_uxrce_init_service_memory
                0x00000000100092d4       0x48 /home/clam/micro_ros_ws/src/temp/libmicroros/libmicroros.a(librmw_microxrcedds-types.c.obj)
                0x00000000100092d4                rmw_uxrce_init_service_memory
 .text.rmw_uxrce_init_client_memory
                0x000000001000931c       0x48 /home/clam/micro_ros_ws/src/temp/libmicroros/libmicroros.a(librmw_microxrcedds-types.c.obj)
                0x000000001000931c                rmw_uxrce_init_client_memory
 .text.rmw_uxrce_init_publisher_memory
                0x0000000010009364       0x48 /home/clam/micro_ros_ws/src/temp/libmicroros/libmicroros.a(librmw_microxrcedds-types.c.obj)
                0x0000000010009364                rmw_uxrce_init_publisher_memory
 .text.rmw_uxrce_init_subscription_memory
                0x00000000100093ac       0x48 /home/clam/micro_ros_ws/src/temp/libmicroros/libmicroros.a(librmw_microxrcedds-types.c.obj)
                0x00000000100093ac                rmw_uxrce_init_subscription_memory
 .text.rmw_uxrce_init_node_memory
                0x00000000100093f4       0x48 /home/clam/micro_ros_ws/src/temp/libmicroros/libmicroros.a(librmw_microxrcedds-types.c.obj)
                0x00000000100093f4                rmw_uxrce_init_node_memory
 .text.rmw_uxrce_init_session_memory
                0x000000001000943c       0x50 /home/clam/micro_ros_ws/src/temp/libmicroros/libmicroros.a(librmw_microxrcedds-types.c.obj)
                0x000000001000943c                rmw_uxrce_init_session_memory
 .text.rmw_uxrce_init_topic_memory
                0x000000001000948c       0x48 /home/clam/micro_ros_ws/src/temp/libmicroros/libmicroros.a(librmw_microxrcedds-types.c.obj)
                0x000000001000948c                rmw_uxrce_init_topic_memory
 .text.rmw_uxrce_init_static_input_buffer_memory
                0x00000000100094d4       0x50 /home/clam/micro_ros_ws/src/temp/libmicroros/libmicroros.a(librmw_microxrcedds-types.c.obj)
                0x00000000100094d4                rmw_uxrce_init_static_input_buffer_memory
 .text.rmw_uxrce_init_init_options_impl_memory
                0x0000000010009524       0x48 /home/clam/micro_ros_ws/src/temp/libmicroros/libmicroros.a(librmw_microxrcedds-types.c.obj)
                0x0000000010009524                rmw_uxrce_init_init_options_impl_memory
 .text.rmw_uxrce_init_wait_set_memory
                0x000000001000956c       0x48 /home/clam/micro_ros_ws/src/temp/libmicroros/libmicroros.a(librmw_microxrcedds-types.c.obj)
                0x000000001000956c                rmw_uxrce_init_wait_set_memory
 .text.rmw_uxrce_init_guard_condition_memory
                0x00000000100095b4       0x48 /home/clam/micro_ros_ws/src/temp/libmicroros/libmicroros.a(librmw_microxrcedds-types.c.obj)
                0x00000000100095b4                rmw_uxrce_init_guard_condition_memory
 .text.rmw_uxrce_fini_session_memory
                0x00000000100095fc       0x10 /home/clam/micro_ros_ws/src/temp/libmicroros/libmicroros.a(librmw_microxrcedds-types.c.obj)
                0x00000000100095fc                rmw_uxrce_fini_session_memory
 .text.rmw_uxrce_fini_node_memory
                0x000000001000960c       0x34 /home/clam/micro_ros_ws/src/temp/libmicroros/libmicroros.a(librmw_microxrcedds-types.c.obj)
                0x000000001000960c                rmw_uxrce_fini_node_memory
 .text.rmw_uxrce_fini_publisher_memory
                0x0000000010009640       0x34 /home/clam/micro_ros_ws/src/temp/libmicroros/libmicroros.a(librmw_microxrcedds-types.c.obj)
                0x0000000010009640                rmw_uxrce_fini_publisher_memory
 .text.rmw_uxrce_fini_subscription_memory
                0x0000000010009674       0x34 /home/clam/micro_ros_ws/src/temp/libmicroros/libmicroros.a(librmw_microxrcedds-types.c.obj)
                0x0000000010009674                rmw_uxrce_fini_subscription_memory
 .text.rmw_uxrce_fini_service_memory
                0x00000000100096a8       0x34 /home/clam/micro_ros_ws/src/temp/libmicroros/libmicroros.a(librmw_microxrcedds-types.c.obj)
                0x00000000100096a8                rmw_uxrce_fini_service_memory
 .text.rmw_uxrce_fini_client_memory
                0x00000000100096dc       0x34 /home/clam/micro_ros_ws/src/temp/libmicroros/libmicroros.a(librmw_microxrcedds-types.c.obj)
                0x00000000100096dc                rmw_uxrce_fini_client_memory
 .text.rmw_uxrce_fini_topic_memory
                0x0000000010009710       0x18 /home/clam/micro_ros_ws/src/temp/libmicroros/libmicroros.a(librmw_microxrcedds-types.c.obj)
                0x0000000010009710                rmw_uxrce_fini_topic_memory
 .text.rmw_uxrce_get_static_input_buffer_for_entity
                0x0000000010009728       0xbc /home/clam/micro_ros_ws/src/temp/libmicroros/libmicroros.a(librmw_microxrcedds-types.c.obj)
                0x0000000010009728                rmw_uxrce_get_static_input_buffer_for_entity
 .text.rmw_uxrce_find_static_input_buffer_by_owner
                0x00000000100097e4       0x5c /home/clam/micro_ros_ws/src/temp/libmicroros/libmicroros.a(librmw_microxrcedds-types.c.obj)
                0x00000000100097e4                rmw_uxrce_find_static_input_buffer_by_owner
 .text.rmw_uxrce_clean_expired_static_input_buffer
                0x0000000010009840       0xfc /home/clam/micro_ros_ws/src/temp/libmicroros/libmicroros.a(librmw_microxrcedds-types.c.obj)
                0x0000000010009840                rmw_uxrce_clean_expired_static_input_buffer
 .text.run_xrce_session
                0x000000001000993c       0x40 /home/clam/micro_ros_ws/src/temp/libmicroros/libmicroros.a(librmw_microxrcedds-utils.c.obj)
                0x000000001000993c                run_xrce_session
 .text.convert_qos_profile
                0x000000001000997c       0x2c /home/clam/micro_ros_ws/src/temp/libmicroros/libmicroros.a(librmw_microxrcedds-utils.c.obj)
                0x000000001000997c                convert_qos_profile
 .text.generate_type_name
                0x00000000100099a8       0x68 /home/clam/micro_ros_ws/src/temp/libmicroros/libmicroros.a(librmw_microxrcedds-utils.c.obj)
                0x00000000100099a8                generate_type_name
 .text.generate_topic_name
                0x0000000010009a10       0x38 /home/clam/micro_ros_ws/src/temp/libmicroros/libmicroros.a(librmw_microxrcedds-utils.c.obj)
                0x0000000010009a10                generate_topic_name
 .text.is_uxrce_rmw_identifier_valid
                0x0000000010009a48       0x20 /home/clam/micro_ros_ws/src/temp/libmicroros/libmicroros.a(librmw_microxrcedds-utils.c.obj)
                0x0000000010009a48                is_uxrce_rmw_identifier_valid
 .text.get_message_typesupport_handle
                0x0000000010009a68        0x8 /home/clam/micro_ros_ws/src/temp/libmicroros/libmicroros.a(librosidl_runtime_c-message_type_support.c.obj)
                0x0000000010009a68                get_message_typesupport_handle
 .text.get_message_typesupport_handle_function
                0x0000000010009a70       0x18 /home/clam/micro_ros_ws/src/temp/libmicroros/libmicroros.a(librosidl_runtime_c-message_type_support.c.obj)
                0x0000000010009a70                get_message_typesupport_handle_function
 .text.rosidl_typesupport_c__get_message_type_support_handle__std_msgs__msg__String
                0x0000000010009a88       0x1c /home/clam/micro_ros_ws/src/temp/libmicroros/libmicroros.a(libstd_msgs__rosidl_typesupport_c-string__type_support.cpp.obj)
                0x0000000010009a88                rosidl_typesupport_c__get_message_type_support_handle__std_msgs__msg__String
 .text.startup._GLOBAL__sub_I_rosidl_typesupport_c__get_message_type_support_handle__std_msgs__msg__String
                0x0000000010009aa4       0x14 /home/clam/micro_ros_ws/src/temp/libmicroros/libmicroros.a(libstd_msgs__rosidl_typesupport_c-string__type_support.cpp.obj)
 .text.std_msgs__msg__String__rosidl_typesupport_introspection_c__String_init_function
                0x0000000010009ab8        0x8 /home/clam/micro_ros_ws/src/temp/libmicroros/libmicroros.a(libstd_msgs__rosidl_typesupport_introspection_c-string__type_support.c.obj)
                0x0000000010009ab8                std_msgs__msg__String__rosidl_typesupport_introspection_c__String_init_function
 .text.std_msgs__msg__String__rosidl_typesupport_introspection_c__String_fini_function
                0x0000000010009ac0        0x8 /home/clam/micro_ros_ws/src/temp/libmicroros/libmicroros.a(libstd_msgs__rosidl_typesupport_introspection_c-string__type_support.c.obj)
                0x0000000010009ac0                std_msgs__msg__String__rosidl_typesupport_introspection_c__String_fini_function
 .text.rosidl_typesupport_introspection_c__get_message_type_support_handle__std_msgs__msg__String
                0x0000000010009ac8       0x1c /home/clam/micro_ros_ws/src/temp/libmicroros/libmicroros.a(libstd_msgs__rosidl_typesupport_introspection_c-string__type_support.c.obj)
                0x0000000010009ac8                rosidl_typesupport_introspection_c__get_message_type_support_handle__std_msgs__msg__String
 .text._String__max_serialized_size
                0x0000000010009ae4        0x4 /home/clam/micro_ros_ws/src/temp/libmicroros/libmicroros.a(libstd_msgs__rosidl_typesupport_microxrcedds_c-string__type_support_c.c.obj)
 .text._String__cdr_serialize
                0x0000000010009ae8       0x30 /home/clam/micro_ros_ws/src/temp/libmicroros/libmicroros.a(libstd_msgs__rosidl_typesupport_microxrcedds_c-string__type_support_c.c.obj)
 .text.get_serialized_size_std_msgs__msg__String
                0x0000000010009b18       0x1c /home/clam/micro_ros_ws/src/temp/libmicroros/libmicroros.a(libstd_msgs__rosidl_typesupport_microxrcedds_c-string__type_support_c.c.obj)
                0x0000000010009b18                get_serialized_size_std_msgs__msg__String
 .text._String__cdr_deserialize
                0x0000000010009b34       0x54 /home/clam/micro_ros_ws/src/temp/libmicroros/libmicroros.a(libstd_msgs__rosidl_typesupport_microxrcedds_c-string__type_support_c.c.obj)
 .text._String__get_serialized_size
                0x0000000010009b88       0x1c /home/clam/micro_ros_ws/src/temp/libmicroros/libmicroros.a(libstd_msgs__rosidl_typesupport_microxrcedds_c-string__type_support_c.c.obj)
 .text.rosidl_typesupport_microxrcedds_c__get_message_type_support_handle__std_msgs__msg__String
                0x0000000010009ba4        0x8 /home/clam/micro_ros_ws/src/temp/libmicroros/libmicroros.a(libstd_msgs__rosidl_typesupport_microxrcedds_c-string__type_support_c.c.obj)
                0x0000000010009ba4                rosidl_typesupport_microxrcedds_c__get_message_type_support_handle__std_msgs__msg__String
 .text.ucdr_check_buffer_available_for
                0x0000000010009bac       0x1c /home/clam/micro_ros_ws/src/temp/libmicroros/libmicroros.a(libmicrocdr-common.c.obj)
                0x0000000010009bac                ucdr_check_buffer_available_for
 .text.ucdr_check_final_buffer_behavior
                0x0000000010009bc8       0x38 /home/clam/micro_ros_ws/src/temp/libmicroros/libmicroros.a(libmicrocdr-common.c.obj)
                0x0000000010009bc8                ucdr_check_final_buffer_behavior
 .text.ucdr_set_on_full_buffer_callback
                0x0000000010009c00        0x8 /home/clam/micro_ros_ws/src/temp/libmicroros/libmicroros.a(libmicrocdr-common.c.obj)
                0x0000000010009c00                ucdr_set_on_full_buffer_callback
 .text.ucdr_init_buffer_origin_offset_endian
                0x0000000010009c08       0x28 /home/clam/micro_ros_ws/src/temp/libmicroros/libmicroros.a(libmicrocdr-common.c.obj)
                0x0000000010009c08                ucdr_init_buffer_origin_offset_endian
 .text.ucdr_init_buffer_origin_offset
                0x0000000010009c30       0x14 /home/clam/micro_ros_ws/src/temp/libmicroros/libmicroros.a(libmicrocdr-common.c.obj)
                0x0000000010009c30                ucdr_init_buffer_origin_offset
 .text.ucdr_init_buffer_origin
                0x0000000010009c44       0x10 /home/clam/micro_ros_ws/src/temp/libmicroros/libmicroros.a(libmicrocdr-common.c.obj)
                0x0000000010009c44                ucdr_init_buffer_origin
 .text.ucdr_init_buffer
                0x0000000010009c54        0xc /home/clam/micro_ros_ws/src/temp/libmicroros/libmicroros.a(libmicrocdr-common.c.obj)
                0x0000000010009c54                ucdr_init_buffer
 .text.ucdr_alignment
                0x0000000010009c60       0x10 /home/clam/micro_ros_ws/src/temp/libmicroros/libmicroros.a(libmicrocdr-common.c.obj)
                0x0000000010009c60                ucdr_alignment
 .text.ucdr_buffer_alignment
                0x0000000010009c70       0x1c /home/clam/micro_ros_ws/src/temp/libmicroros/libmicroros.a(libmicrocdr-common.c.obj)
                0x0000000010009c70                ucdr_buffer_alignment
 .text.ucdr_align_to
                0x0000000010009c8c       0x24 /home/clam/micro_ros_ws/src/temp/libmicroros/libmicroros.a(libmicrocdr-common.c.obj)
                0x0000000010009c8c                ucdr_align_to
 .text.ucdr_buffer_length
                0x0000000010009cb0        0x8 /home/clam/micro_ros_ws/src/temp/libmicroros/libmicroros.a(libmicrocdr-common.c.obj)
                0x0000000010009cb0                ucdr_buffer_length
 .text.ucdr_buffer_remaining
                0x0000000010009cb8        0x8 /home/clam/micro_ros_ws/src/temp/libmicroros/libmicroros.a(libmicrocdr-common.c.obj)
                0x0000000010009cb8                ucdr_buffer_remaining
 .text.ucdr_check_final_buffer_behavior_array
                0x0000000010009cc0       0x44 /home/clam/micro_ros_ws/src/temp/libmicroros/libmicroros.a(libmicrocdr-common.c.obj)
                0x0000000010009cc0                ucdr_check_final_buffer_behavior_array
 .text.ucdr_advance_buffer
                0x0000000010009d04       0x44 /home/clam/micro_ros_ws/src/temp/libmicroros/libmicroros.a(libmicrocdr-common.c.obj)
                0x0000000010009d04                ucdr_advance_buffer
 .text.ucdr_serialize_sequence_char
                0x0000000010009d48       0x24 /home/clam/micro_ros_ws/src/temp/libmicroros/libmicroros.a(libmicrocdr-sequence.c.obj)
                0x0000000010009d48                ucdr_serialize_sequence_char
 .text.ucdr_deserialize_sequence_char
                0x0000000010009d6c       0x30 /home/clam/micro_ros_ws/src/temp/libmicroros/libmicroros.a(libmicrocdr-sequence.c.obj)
                0x0000000010009d6c                ucdr_deserialize_sequence_char
 .text.ucdr_serialize_sequence_uint8_t
                0x0000000010009d9c       0x24 /home/clam/micro_ros_ws/src/temp/libmicroros/libmicroros.a(libmicrocdr-sequence.c.obj)
                0x0000000010009d9c                ucdr_serialize_sequence_uint8_t
 .text.ucdr_deserialize_sequence_uint8_t
                0x0000000010009dc0       0x30 /home/clam/micro_ros_ws/src/temp/libmicroros/libmicroros.a(libmicrocdr-sequence.c.obj)
                0x0000000010009dc0                ucdr_deserialize_sequence_uint8_t
 .text.uxr_buffer_delete_entity
                0x0000000010009df0       0x40 /home/clam/micro_ros_ws/src/temp/libmicroros/libmicroros.a(libmicroxrcedds_client-common_create_entities.c.obj)
                0x0000000010009df0                uxr_buffer_delete_entity
 .text.uxr_common_create_entity
                0x0000000010009e30       0x54 /home/clam/micro_ros_ws/src/temp/libmicroros/libmicroros.a(libmicroxrcedds_client-common_create_entities.c.obj)
                0x0000000010009e30                uxr_common_create_entity
 .text.uxr_buffer_create_participant_bin
                0x0000000010009e84       0x68 /home/clam/micro_ros_ws/src/temp/libmicroros/libmicroros.a(libmicroxrcedds_client-create_entities_bin.c.obj)